QMcBeaver version 20090214 was compiled in double precision.
Compiled on Feb 17 2009 21:50:11
Compiler version 3.4.6 20060404 (Red Hat 3.4.6-8)
With the libraries: MPI BLAS LAPACK
Signaling: CHANNEL1 = 23 CHANNEL2 = 40


Warning: setting use_three_body_jastrow = 0 since you didn't load any Jastrows.
***************  TheMan.run();
 iteration            Eavg            Estd    Num. Samples           Tcorr      Acceptance         <p dR2>     Sample Var.         Summary
       -90    0.0000000000   0.0000000e+00               0   -2.0000000000         0.00000         0.00000    0.0000000000         0.00000 
       -80    0.0000000000   0.0000000e+00               0   -2.0000000000         0.00000         0.00000    0.0000000000         0.00000 
       -70    0.0000000000   0.0000000e+00               0   -2.0000000000         0.00000         0.00000    0.0000000000         0.00000 
       -60    0.0000000000   0.0000000e+00               0   -2.0000000000         0.00000         0.00000    0.0000000000         0.00000 
       -50    0.0000000000   0.0000000e+00               0   -2.0000000000         0.00000         0.00000    0.0000000000         0.00000 
       -40    0.0000000000   0.0000000e+00               0   -2.0000000000         0.00000         0.00000    0.0000000000         0.00000 
       -30    0.0000000000   0.0000000e+00               0   -2.0000000000         0.00000         0.00000    0.0000000000         0.00000 
       -20    0.0000000000   0.0000000e+00               0   -2.0000000000         0.00000         0.00000    0.0000000000         0.00000 
       -10    0.0000000000   0.0000000e+00               0   -2.0000000000         0.00000         0.00000    0.0000000000         0.00000 
         0   -2.7515697628   0.0000000e+00              10   -2.0000000000         1.00000         0.00006    0.0000284335        -2.75157 
       110   -2.7540890590   0.0000000e+00              10   -2.0000000000         1.00000         0.00006    0.0000119641        -2.75409 
       120   -2.7564466744   0.0000000e+00              20   -2.0000000000         1.00000         0.00006    0.0000250904        -2.75645 
       130   -2.7589118893   0.0000000e+00              30   -2.0000000000         1.00000         0.00006    0.0000335215        -2.75891 
       140   -2.7590258245   0.0000000e+00              40   -2.0000000000         1.00000         0.00006    0.0000481718        -2.75903 
       150   -2.7508182755   0.0000000e+00              50   -2.0000000000         1.00000         0.00006    0.0003183887        -2.75082 
       160   -2.7439657905   0.0000000e+00              60   -2.0000000000         1.00000         0.00006    0.0005070895        -2.74397 
       170   -2.7376290331   0.0000000e+00              70   -2.0000000000         1.00000         0.00006    0.0006902463        -2.73763 
       180   -2.7338161443   0.0000000e+00              80   -2.0000000000         1.00000         0.00006    0.0007207568        -2.73382 
       190   -2.7329027213   0.0000000e+00              90   -2.0000000000         1.00000         0.00006    0.0006522697        -2.73290 
       200   -2.7329926666               0             100   -1.0000000000 0.999999773(31)   0.0000599(11)    0.0005907016        -2.73299 
       210   -2.7339471039               0             110   -1.0000000000 0.999999782(29)   0.0000597(11)    0.0005493439        -2.73395 
       220   -2.7351675197               0             120   -1.0000000000 0.999999784(27) 0.00005975(100)    0.0005210880        -2.73517 
       230   -2.7365932832               0             130   -1.0000000000 0.999999783(25)  0.00005944(94)    0.0005071971        -2.73659 
       240   -2.7382812872               0             140   -1.0000000000 0.999999781(24)  0.00005935(90)    0.0005181387        -2.73828 
       250   -2.7403546558               0             150   -1.0000000000 0.999999777(22)  0.00005943(88)    0.0005479229        -2.74035 
       260   -2.7420259496               0             160   -1.0000000000 0.999999776(22)  0.00005966(88)    0.0005583556        -2.74203 
       270   -2.7427081536               0             170   -1.0000000000 0.999999784(21)  0.00005963(86)    0.0005372771        -2.74271 
       280   -2.7431585376               0             180   -1.0000000000 0.999999784(20)  0.00005960(82)    0.0005126779        -2.74316 
       290   -2.7440806871               0             190   -1.0000000000 0.999999791(20)  0.00005932(79)    0.0005021531        -2.74408 
       300   -2.7449676106               0             200   -1.0000000000 0.999999787(19)  0.00005953(80)    0.0004972370        -2.74497 
       310   -2.7445894860               0             210   -1.0000000000 0.999999784(19)  0.00005949(79)    0.0004774861        -2.74459 
       320   -2.7425587674               0             220   -1.0000000000 0.999999784(18)  0.00005968(80)    0.0005607580        -2.74256 
       330   -2.7395873058               0             230   -1.0000000000 0.999999783(17)  0.00005957(77)    0.0007329749        -2.73959 
       340   -2.7365111478   7.5310274e-03             240   14.7122811004 0.999999787(17)  0.00005949(74)    0.0009213536     -2.7365(75) 
       350   -2.7334979176   7.5310274e-03             250   12.7641185033 0.999999791(16)  0.00005928(72)    0.0011064123     -2.7335(75) 
       360   -2.7291715778               0             260   -1.0000000000 0.999999792(16)  0.00005923(71)    0.0015384626        -2.72917 
       370   -2.7262180340               0             270   -1.0000000000 0.999999788(15)  0.00005912(69)    0.0017123970        -2.72622 
       380   -2.7239259595               0             280   -1.0000000000 0.999999790(15)  0.00005911(67)    0.0017956016        -2.72393 
       390   -2.7222055109               0             290   -1.0000000000 0.999999786(16)  0.00005912(65)    0.0018187290        -2.72221 
       400   -2.7202974710               0             300   -1.0000000000 0.999999788(15)  0.00005910(64)    0.0018756053        -2.72030 
       410   -2.7163156324               0             310   -1.0000000000 0.999999785(15)  0.00005917(63)    0.0023133055        -2.71632 
       420   -2.7116889925               0             320   -1.0000000000 0.999999783(15)  0.00005916(61)    0.0029127859        -2.71169 
       430   -2.7069210035               0             330   -1.0000000000 0.999999785(15)  0.00005919(59)    0.0035569844        -2.70692 
       440   -2.7009265793               0             340   -1.0000000000 0.999999785(14)  0.00005926(58)    0.0047051860        -2.70093 
       450   -2.6941773509               0             350   -1.0000000000 0.999999779(16)  0.00005924(58)    0.0061333304        -2.69418 
       460   -2.6898101434   2.3743888e-02             360   30.4896874096 0.999999781(15)  0.00005931(56)    0.0066381205      -2.690(24) 
       470   -2.6849232401   2.3743888e-02             370   28.3778145550 0.999999776(15)  0.00005930(55)    0.0073307950      -2.685(24) 
       480   -2.6773011294   2.3743888e-02             380   22.8824876666 0.999999777(15)  0.00005937(54)    0.0093376938      -2.677(24) 
       490   -2.6705891096               0             390   -1.0000000000 0.999999776(14)  0.00005942(54)    0.0108246043        -2.67059 
       500   -2.6650299442               0             400   -1.0000000000 0.999999775(14)  0.00005942(54)    0.0117685733        -2.66503 
       500   -2.6650299442               0             400   -1.0000000000 0.999999775(14)  0.00005942(54)    0.0117685733        -2.66503 
***************  Print Results (ok = 1)
**************** Start of Results *****************

------------------- Energy -------------------
     -2.665029944171 +/- 99.000000000000      (400 samples, Tcorr   -1.00000)
  DeCorr_depth       samples           Ave           Std        StdStd           Var        VarStd    Corr. Len.      Variance          Skew      Kurtosis
0                        400     -2.665030  5.430946e-03  1.922534e-04  2.949517e-05  2.088235e-06      0.000000      0.011769      1.128083      0.220352
1                        200     -2.665030  7.679369e-03  3.849320e-04  5.897271e-05  5.912069e-06      1.999402      0.011736      1.123205      0.190786
2                        100     -2.665030  1.086191e-02  7.719220e-04  1.179810e-04  1.676909e-05      4.000010      0.011680      1.114308      0.154307
3                         50     -2.665030  1.538917e-02  1.554541e-03  2.368265e-04  4.784618e-05      8.029331      0.011604      1.105699      0.111399
4                         25     -2.665030  2.182781e-02  3.150573e-03  4.764533e-04  1.375402e-04     16.153605      0.011435      1.088979     -0.014837
5                         12     -2.674336  2.869807e-02  6.118449e-03  8.235792e-04  3.511754e-04     27.922510      0.009059      1.075242     -0.132427
6                          6     -2.674336  4.155655e-02  1.314134e-02  1.726947e-03  1.092217e-03     58.550160      0.008635      1.131232     -0.083177
7                          3     -2.674336  5.656046e-02  2.828023e-02  3.199086e-03  3.199086e-03    108.461347      0.006398      0.000000      0.000000
8                          1     -2.730809

----------------- Energy^2 -------------------
      7.114153176651 +/- 99.000000000000      (400 samples, Tcorr   -1.00000)

--------------- Kinetic Energy ---------------
      3.302855330798 +/- 0.026061587719       (400 samples, Tcorr   26.68179)

-------------- Potential Energy --------------
     -5.967885274969 +/- 99.000000000000      (400 samples, Tcorr   -1.00000)

-------------- Nuc-Elec Energy ---------------
     -7.384784305185 +/- 0.026650968864       (400 samples, Tcorr   26.69008)

-------------- Elec-Elec Energy --------------
      1.416899030216 +/- 99.000000000000      (400 samples, Tcorr   -1.00000)

------------ AcceptanceProbability -----------
      0.999999775239 +/- 0.000000014355       (400 samples, Tcorr    1.13937)

------------ DistanceMovedAccepted -----------
      0.000059424929 +/- 0.000000538704       (400 samples, Tcorr    0.00000)

------------- DistanceMovedTrial -------------
      0.000059424950 +/- 0.000000538705       (400 samples, Tcorr    0.00000)

----------------- Walker Age -----------------
      0.000000000000 +/- 1.000000000000e+300  (0 samples, Tcorr   -2.00000)
dt_effective: 0.00001 +/- 0.00004

--------------- Virial Ratio (-<V>/<T>) ---------------
      0: 1.80689 +/- 29.97407
         Total Energy Estimator (KE/Virial): -3.30286 +/- 0.02606
         Total Energy Estimator (PE/Virial): -2.98394 +/- 49.50000

**************** End of Results *****************
***************  Finalize
Average iterations per hour:                              1.1254e+07
Average iterations*walkers per hour:                      1.1254e+08
Average microseconds per sample:                          303.29
Average microseconds per sample per num initial walkers:  30.329

Wallclock Time:                          159 ms   =                0.159 s    =              0.00265 mins =           4.4167e-05 hrs 
Total Time:                              159 ms   =                0.159 s    =              0.00265 mins =           4.4167e-05 hrs     100.00 %
Initialization Time:                       0 ms   =                    0 s    =                    0 mins =                    0 hrs       0.54 %
Equilibration Time:                       33 ms   =                0.033 s    =              0.00055 mins =           9.1667e-06 hrs      20.73 %
Propagation Time:                        121 ms   =                0.121 s    =            0.0020167 mins =           3.3611e-05 hrs      75.85 %
Send Command Time:                         0 ms   =                    0 s    =                    0 mins =                    0 hrs       0.01 %
Gather Properties Time:                    0 ms   =                    0 s    =                    0 mins =                    0 hrs       0.24 %
Synchronization Time:                      0 ms   =                    0 s    =                    0 mins =                    0 hrs       0.00 %
Poll for Command Time:                     0 ms   =                    0 s    =                    0 mins =                    0 hrs       0.00 %
Optimization Time:                         0 ms   =                    0 s    =                    0 mins =                    0 hrs       0.00 %

      Evaluate basis functions: 0 ( avg =       2.82 us, n=           4995)      9.33 % cumulative =       9.33 %
         Matrix Multiplication: 0 ( avg =       2.20 us, n=           4995)      7.28 % cumulative =      16.60 %
             Derivative Ratios: 0 ( avg =       1.90 us, n=           4995)      6.31 % cumulative =      22.91 %
      Evaluate basis functions: 0 ( avg =       2.72 us, n=           4995)      9.01 % cumulative =      31.92 %
         Matrix Multiplication: 0 ( avg =       1.80 us, n=           4995)      5.97 % cumulative =      37.89 %
             Derivative Ratios: 0 ( avg =       0.96 us, n=           4995)      3.19 % cumulative =      41.09 %
              Potential Energy: 0 ( avg =       0.35 us, n=           4995)      1.15 % cumulative =      42.23 %
                    EN Jastrow: 0 ( avg =       0.59 us, n=           4995)      1.95 % cumulative =      44.18 %
                    EE Jastrow: 0 ( avg =       0.40 us, n=           4995)      1.31 % cumulative =      45.50 %
                   EEN Jastrow: 0 ( avg =       0.22 us, n=           4995)      0.74 % cumulative =      46.23 %
                Psi Quantities: 0 ( avg =       2.84 us, n=           4995)      9.39 % cumulative =      55.63 %
            Walker Propagation: 0 ( avg =       7.15 us, n=           4985)     23.70 % cumulative =      79.32 %
           Correlated Sampling: 0 ( avg =       0.00 us, n=            -15)      0.00 % cumulative =      79.32 %
         Calculate Observables: 0 ( avg =       2.62 us, n=           4985)      8.66 % cumulative =      87.99 %
                   Entire Step: 0 ( avg =      30.19 us, n=           4985)    100.00 % cumulative =     100.00 %
Wallclock Time:                          165 ms   =                0.165 s    =              0.00275 mins =           4.5833e-05 hrs 
