QMcBeaver version 20090214 was compiled in double precision.
Compiled on Feb 14 2009 10:43:08
Compiler version 3.4.6 20060404 (Red Hat 3.4.6-8)
With the libraries: MPI BLAS LAPACK
Signaling: CHANNEL1 = 23 CHANNEL2 = 40


Laziness filter: 4
Fast growth:     5
Bad Energy:      100
Too heavy:       4

Notice: checkpoint files will be written into .//
EupEdn:
Cambridge 2 particle jastrow parameters:
  g = 0.5  C = 3  L = 0.128361 (L not optimized)
x = r / 7.790525
(x - 1)^3 (0.8272224 -1.413596 x +1.497733 x^2 -7.995539 x^3 +16.99201 x^4 +7.776445 x^5 -5.95719 x^6 -53.37279 x^7 +31.17907 x^8 )

EupEup:
Cambridge 2 particle jastrow parameters:
  g = 0.25  C = 3  L = 0.2084338 (L not optimized)
x = r / 4.797686
(x - 1)^3 (0.6059111 +0.6183119 x -2.994599 x^2 +5.182875 x^3 -4.309822 x^4 +6.409152 x^5 -4.529688 x^6 -8.804569 x^7 +13.28672 x^8 )

EupNuclear(H):
Cambridge 2 particle jastrow parameters:
  g = 0  C = 3  L = 0.1557136 (L not optimized)
x = r / 6.422048
(x - 1)^3 (-0.1330932 -0.3992795 x +0.6731189 x^2 +7.060823 x^3 -35.99224 x^4 +55.16465 x^5 -6.136048 x^6 -43.85152 x^7 +32.54167 x^8 )

EupNuclear(C):
Cambridge 2 particle jastrow parameters:
  g = 0  C = 3  L = 0.1774732 (L not optimized)
x = r / 5.634652
(x - 1)^3 (-2.588514 -7.765543 x +1.626741 x^2 -10.61222 x^3 +53.38338 x^4 -53.87352 x^5 +1.415954 x^6 +25.33873 x^7 -32.72687 x^8 )

EENuclear(C):
 Total Parameters = 64
 Free Parameters = 27
Cambridge 3 particle jastrow parameters:
  Nen = 4  Nee = 4  C = 3  L = 0.2298414 (not optimized)
x1  = r1  / 4.350826
x2  = r2  / 4.350826
x12 = r12 / 4.350826
(x1 - 1)^3 (x2 - 1)^3 (
+0.06238579                              +0.1871574 (x1 + x2)                     +0.5614721 x1 x2                         +41.06251  x1 x2 x12                     
+4.135599  (x1^2 + x2^2)                 -39.86214  (x1^2 x2 + x2^2 x1)           +135.0796  x1^2 x2^2                     -20.53126  (x1^2 + x2^2) x12             
-1.603599  (x1^2 x2 + x2^2 x1) x12       -37.41623  x1^2 x2^2 x12                 -9.023984  x12^2                         -15.86552  (x1 + x2) x12^2               
+21.9059   x1 x2 x12^2                   +39.94332  (x1^2 + x2^2) x12^2           -26.91226  (x1^2 x2 + x2^2 x1) x12^2     +13.71983  x1^2 x2^2 x12^2               
+9.906039  (x1^3 + x2^3)                 +25.14821  (x1^3 x2 + x2^3 x1)           -98.82043  (x1^3 x2^2 + x2^3 x1^2)       -13.88016  x1^3 x2^3                     
+1.603599  (x1^3 + x2^3) x12             +18.70812  (x1^3 x2 + x2^3 x1) x12       -7.260605  (x1^3 + x2^3) x12^2           -80.78359  (x1^3 x2 + x2^3 x1) x12^2     
+25.54658  (x1^3 x2^2 + x2^3 x1^2) x12^2 +14.21333  x1^3 x2^3 x12^2               +30.20463  x12^3                         -34.30885  (x1 + x2) x12^3               
+29.91834  x1 x2 x12^3                   -9.272083  (x1^2 + x2^2) x12^3           +31.18553  (x1^2 x2 + x2^2 x1) x12^3     +12.8896   x1^2 x2^2 x12^3               
+8.263535  (x1^3 + x2^3) x12^3           +24.79061  (x1^3 x2 + x2^3 x1) x12^3     +2.580492  (x1^3 x2^2 + x2^3 x1^2) x12^3 -1.742506  x1^3 x2^3 x12^3               )

         0    0.0000000000   0.0000000e+00               0   -2.0000000000         0.00000               5    5.0000000000  -38.9167176985   8.8769094e-03 
        20  -39.0314510207   0.0000000e+00              10   -2.0000000000         0.94470               5    5.0000000000  -38.9167176985   8.9846596e-03 
        30  -39.2668441164   0.0000000e+00              20   -2.0000000000         0.94239               5    5.0000000000  -38.9167176985   9.0562674e-03 
        40  -39.2327554036   0.0000000e+00              30   -2.0000000000         0.94628               5    5.0000000000  -38.9167176985   9.2110412e-03 
        50  -39.2169059755   0.0000000e+00              40   -2.0000000000         0.94333               5    5.0000000000  -38.9167176985   9.1289593e-03 
        60  -39.1890725348   0.0000000e+00              50   -2.0000000000         0.94375               5    5.0000000000  -38.9167176985   9.1581566e-03 
        70  -39.1361403475   0.0000000e+00              60   -2.0000000000         0.94219               5    5.0000000000  -38.9167176985   9.1588438e-03 
        80  -39.1269514931   0.0000000e+00              70   -2.0000000000         0.94087               5    5.0000000000  -38.9167176985   9.1713935e-03 
        90  -39.1497910358   0.0000000e+00              80   -2.0000000000         0.94222               5    5.0000000000  -38.9167176985   9.1764543e-03 
       100  -39.1479482591   0.0000000e+00              90   -2.0000000000         0.94475               5    5.0062165201  -38.9179602303   9.1976901e-03 
       110  -39.1907160533   5.9730986e-02             100    2.6783568523      0.9420(51)               5    5.2802070859  -39.2452434586   9.1644352e-03 
       120  -39.2296211797   5.8378432e-02             110    2.6706774404      0.9409(48)               5    5.4446995679  -39.3148258464   9.1493632e-03 
       130  -39.2202992804               0             120   -1.0000000000      0.9397(45)               5    5.3740303478  -39.2924395253   9.1368601e-03 
       140  -39.1944798412               0             130   -1.0000000000      0.9409(44)               5    5.1864331492  -39.2310881352   9.1496636e-03 
       150  -39.1570944130               0             140   -1.0000000000      0.9411(41)               5    4.9577522264  -39.1486089585   9.1552554e-03 
       160  -39.1422057565               0             150   -1.0000000000      0.9404(40)               5    4.8747118361  -39.1168288362   9.1339977e-03 
       170  -39.1359170799   7.4736386e-02             160    6.2555572338      0.9385(41)               5    4.8568727827  -39.1068739380   9.0881246e-03 
       180  -39.1149883215   7.4736386e-02             170    6.5607250427      0.9366(46)               5    4.7388257544  -39.0613397829   9.0610444e-03 
       190  -39.1192122235   7.2199838e-02             180    6.3659595982      0.9367(44)               5    4.7871779733  -39.0757153993   9.0670193e-03 
       200  -39.1347998461   7.2199838e-02             190    6.3947002231      0.9374(42)               5    4.9217387527  -39.1190238068   9.0665761e-03 
       210  -39.1319220433   7.0347060e-02             200    6.6039553471      0.9372(42)               5    4.8905251479  -39.1097838208   9.0665540e-03 
       220  -39.1364618356   6.4371460e-02             210    5.9786112507      0.9367(42)               5    4.9270369000  -39.1217616960   9.0649517e-03 
       230  -39.1291793594   6.4371460e-02             220    6.1359966406      0.9358(40)               5    4.8762910472  -39.1041263465   9.0677060e-03 
       240  -39.1351107953   5.9369628e-02             230    5.5963321922      0.9380(40)               5    4.9593276651  -39.1269430630   9.0891110e-03 
       250  -39.1347721005   5.5120538e-02             240    5.1823563454      0.9376(39)               5    4.9614889822  -39.1270400818   9.0651581e-03 
       260  -39.1341917375   5.5120538e-02             250    5.5348919052      0.9370(38)               5    4.9604604230  -39.1262523887   9.0561002e-03 
       270  -39.1318324037   5.1584126e-02             260    5.1237535218      0.9369(37)               5    4.9322810002  -39.1181960498   9.0560472e-03 
       280  -39.1344781367   5.1584126e-02             270    5.4829816048      0.9375(36)               5    4.9799987528  -39.1304698649   9.0634060e-03 
       290  -39.1363447041   4.8608841e-02             280    5.0908300801      0.9376(35)               5    4.9747070480  -39.1312732758   9.0600383e-03 
       300  -39.1335475174   4.5843484e-02             290    4.7843344095      0.9381(34)               5    4.9616111555  -39.1258401227   9.0574768e-03 
       310  -39.1237090222   4.5843484e-02             300    4.7851981853      0.9386(33)               5    4.8508455826  -39.0934241464   9.0664905e-03 
       320  -39.1203748279   4.4629477e-02             310    4.7550326804      0.9390(32)               5    4.8350067925  -39.0868194492   9.0667988e-03 
       330  -39.1133165258   4.3030049e-02             320    4.5468867268      0.9385(31)               5    4.7294579832  -39.0576892180   9.0448460e-03 
       340  -39.1103031473   4.3030049e-02             330    4.6960527559      0.9389(31)               5    4.6987106793  -39.0481533824   9.0377781e-03 
       350  -39.1113738462   4.0952003e-02             340    4.4610354457      0.9380(30)               5    4.7308001746  -39.0560302920   9.0273384e-03 
       360  -39.0982357588   4.0952003e-02             350    4.4072616762      0.9382(30)               5    4.5848207199  -39.0115488499   9.0355922e-03 
       370  -39.0944064324   4.1968216e-02             360    4.7520175392      0.9378(29)               5    4.5454806116  -38.9991019871   9.0325264e-03 
       380  -39.0906453965   4.0797452e-02             370    4.6415901967      0.9380(29)               5    4.5330318335  -38.9925984786   9.0264830e-03 
       390  -39.0924573647   4.0797452e-02             380    4.8538577146      0.9375(28)               5    4.5994345540  -39.0089528252   9.0221751e-03 
       400  -39.0967788976   3.9378686e-02             390    4.6343743015      0.9381(28)               5    4.7190842821  -39.0389557579   9.0252396e-03 
       410  -39.0894623589   3.8109398e-02             400    4.3844408805      0.9379(27)               5    4.6063173755  -39.0074531503   9.0253896e-03 
       420  -39.0890703463   3.8109398e-02             410    4.4986372397      0.9374(27)               5    4.6192413496  -39.0098629154   9.0205238e-03 
       430  -39.0867358295   3.6706111e-02             420    4.3032323084      0.9372(26)               5    4.6280320329  -39.0094296480   9.0155378e-03 
       440  -39.0826185965   3.6706111e-02             430    4.4552376888      0.9368(27)               5    4.5797041080  -38.9948150748   9.0101700e-03 
       450  -39.0854331890   3.5775784e-02             440    4.3933773681      0.9368(26)               5    4.6601163666  -39.0150356957   9.0064654e-03 
       460  -39.0799520081   3.4539325e-02             450    4.1974090739      0.9374(26)               5    4.5894469343  -38.9942736188   9.0147613e-03 
       470  -39.0727446269   3.4539325e-02             460    4.2504405371      0.9370(26)               5    4.4800466864  -38.9629401819   9.0153536e-03 
       480  -39.0716025692   3.4843369e-02             470    4.4612201042      0.9368(25)               5    4.5036845550  -38.9670605086   9.0131743e-03 
       490  -39.0713687801   3.3746232e-02             480    4.3136889911      0.9364(25)               5    4.5350463469  -38.9737661711   9.0112662e-03 
       500  -39.0749276021   3.3746232e-02             490    4.3984247308      0.9369(25)               5    4.6677551105  -39.0061679414   9.0180143e-03 
       500  -39.0749276021   3.3746232e-02             490    4.3984247308      0.9369(25)               5    4.6677551105  -39.0061679414   9.0180143e-03 
Notice: simulating a crash with set_debug = -500
