QMcBeaver version 20090214 was compiled in double precision.
Compiled on Feb 17 2009 21:50:11
Compiler version 3.4.6 20060404 (Red Hat 3.4.6-8)
With the libraries: MPI BLAS LAPACK
Signaling: CHANNEL1 = 23 CHANNEL2 = 40


Laziness filter: 4
Fast growth:     5
Bad Energy:      100
Too heavy:       100

Notice: checkpoint files will be written into .//
EupEdn:
Cambridge 2 particle jastrow parameters:
  g = 0.5  C = 3  L = 0.128361 (L not optimized)
x = r / 7.790525
(x - 1)^3 (0.8272224 -1.413596 x +1.497733 x^2 -7.995539 x^3 +16.99201 x^4 +7.776445 x^5 -5.95719 x^6 -53.37279 x^7 +31.17907 x^8 )

EupEup:
Cambridge 2 particle jastrow parameters:
  g = 0.25  C = 3  L = 0.2084338 (L not optimized)
x = r / 4.797686
(x - 1)^3 (0.6059111 +0.6183119 x -2.994599 x^2 +5.182875 x^3 -4.309822 x^4 +6.409152 x^5 -4.529688 x^6 -8.804569 x^7 +13.28672 x^8 )

EupNuclear(H):
Cambridge 2 particle jastrow parameters:
  g = 0  C = 3  L = 0.1557136 (L not optimized)
x = r / 6.422048
(x - 1)^3 (-0.1330932 -0.3992795 x +0.6731189 x^2 +7.060823 x^3 -35.99224 x^4 +55.16465 x^5 -6.136048 x^6 -43.85152 x^7 +32.54167 x^8 )

EupNuclear(C):
Cambridge 2 particle jastrow parameters:
  g = 0  C = 3  L = 0.1774732 (L not optimized)
x = r / 5.634652
(x - 1)^3 (-2.588514 -7.765543 x +1.626741 x^2 -10.61222 x^3 +53.38338 x^4 -53.87352 x^5 +1.415954 x^6 +25.33873 x^7 -32.72687 x^8 )

EENuclear(C):
 Total Parameters = 64
 Free Parameters = 27
Cambridge 3 particle jastrow parameters:
  Nen = 4  Nee = 4  C = 3  L = 0.2298414 (not optimized)
x1  = r1  / 4.350826
x2  = r2  / 4.350826
x12 = r12 / 4.350826
(x1 - 1)^3 (x2 - 1)^3 (
+0.06238579                              +0.1871574 (x1 + x2)                     +0.5614721 x1 x2                         +41.06251  x1 x2 x12                     
+4.135599  (x1^2 + x2^2)                 -39.86214  (x1^2 x2 + x2^2 x1)           +135.0796  x1^2 x2^2                     -20.53126  (x1^2 + x2^2) x12             
-1.603599  (x1^2 x2 + x2^2 x1) x12       -37.41623  x1^2 x2^2 x12                 -9.023984  x12^2                         -15.86552  (x1 + x2) x12^2               
+21.9059   x1 x2 x12^2                   +39.94332  (x1^2 + x2^2) x12^2           -26.91226  (x1^2 x2 + x2^2 x1) x12^2     +13.71983  x1^2 x2^2 x12^2               
+9.906039  (x1^3 + x2^3)                 +25.14821  (x1^3 x2 + x2^3 x1)           -98.82043  (x1^3 x2^2 + x2^3 x1^2)       -13.88016  x1^3 x2^3                     
+1.603599  (x1^3 + x2^3) x12             +18.70812  (x1^3 x2 + x2^3 x1) x12       -7.260605  (x1^3 + x2^3) x12^2           -80.78359  (x1^3 x2 + x2^3 x1) x12^2     
+25.54658  (x1^3 x2^2 + x2^3 x1^2) x12^2 +14.21333  x1^3 x2^3 x12^2               +30.20463  x12^3                         -34.30885  (x1 + x2) x12^3               
+29.91834  x1 x2 x12^3                   -9.272083  (x1^2 + x2^2) x12^3           +31.18553  (x1^2 x2 + x2^2 x1) x12^3     +12.8896   x1^2 x2^2 x12^3               
+8.263535  (x1^3 + x2^3) x12^3           +24.79061  (x1^3 x2 + x2^3 x1) x12^3     +2.580492  (x1^3 x2^2 + x2^3 x1^2) x12^3 -1.742506  x1^3 x2^3 x12^3               )

Reading in checkpoint file .//chkpnt.checkpoint.0... successful.
       500  -39.0749276021   3.3746232e-02             490    4.3984247308      0.9369(25)               5    4.6677551105  -39.0061679414   9.0180143e-03 
***************  TheMan.run();
 iteration            Eavg            Estd    Num. Samples           Tcorr      Acceptance    Num. Walkers         Weights    Trial Energy         Eff. dt
       510  -39.0689989676   3.2687258e-02             500    4.1753089005      0.9372(25)               5    4.5504218577  -38.9747809998   9.0250953e-03 
       520  -39.0703577758   3.2687258e-02             510    4.2465783580      0.9370(24)               5    4.6117133080  -38.9895193016   9.0263293e-03 
       530  -39.0739061955   3.1730300e-02             520    4.0921453481      0.9375(24)               5    4.7265561544  -39.0176651346   9.0304048e-03 
       540  -39.0771726999   3.1964123e-02             530    4.2282603566      0.9376(24)               5    4.8321079909  -39.0430175970   9.0344687e-03 
       550  -39.0814283323   3.1964123e-02             540    4.3243549910      0.9378(24)               5    4.9486215226  -39.0710994774   9.0393290e-03 
       560  -39.0860012189   3.1404261e-02             550    4.2723884990      0.9381(23)               5    5.0464911809  -39.0952564926   9.0413762e-03 
       570  -39.0889308285   3.1051851e-02             560    4.2632874598      0.9385(23)               5    5.1286627932  -39.1143378772   9.0468683e-03 
       580  -39.0895710381   3.1051851e-02             570    4.3899481661      0.9388(23)               5    5.1159848578  -39.1125030496   9.0502181e-03 
       590  -39.0881279136   3.0157696e-02             580    4.2737833705      0.9388(23)               5    5.0779173023  -39.1035911988   9.0528221e-03 
       600  -39.0873327606   3.0157696e-02             590    4.3964355588      0.9386(22)               5    5.0471488020  -39.0967183384   9.0535678e-03 
       610  -39.0976048059   2.9331242e-02             600    4.0780262469      0.9381(22)               5    5.2796223391  -39.1520214619   9.0528749e-03 
       620  -39.1020352497   3.1364531e-02             610    4.7514757316      0.9378(22)               5    5.3676849653  -39.1729940477   9.0534732e-03 
       630  -39.1042852219   3.1364531e-02             620    4.8787513206      0.9376(22)               5    5.3788534620  -39.1773225498   9.0571747e-03 
       640  -39.1078035462   3.0773502e-02             630    4.8099291920      0.9379(22)               5    5.4400422889  -39.1921524683   9.0545046e-03 
       650  -39.1043317179   2.9981081e-02             640    4.6571408739      0.9382(21)               5    5.3134912413  -39.1651429089   9.0566602e-03 
       660  -39.1028700206   2.9981081e-02             650    4.7441330076      0.9388(21)               5    5.2289045370  -39.1476339067   9.0663712e-03 
       670  -39.1001171835   2.9269643e-02             660    4.6257446301      0.9394(21)               5    5.1500859084  -39.1296926669   9.0746030e-03 
       680  -39.0984098640   2.9269643e-02             670    4.7568782867      0.9399(21)               5    5.0948686009  -39.1172058281   9.0812302e-03 
       690  -39.0970768082   2.8779233e-02             680    4.7176137266      0.9392(21)               5    5.0559165166  -39.1081980408   9.0766496e-03 
       700  -39.0965363915   2.8068279e-02             690    4.5527976601      0.9388(21)               5    5.0329074380  -39.1030963157   9.0753975e-03 
       710  -39.0959815620   2.8068279e-02             700    4.6466810535      0.9384(21)               5    5.0173959707  -39.0994547178   9.0677930e-03 
       720  -39.0931983473   2.7449439e-02             710    4.5318498716      0.9381(20)               5    4.9362581266  -39.0803680148   9.0665948e-03 
       730  -39.0896574672   2.7318127e-02             720    4.5015167305      0.9381(20)               5    4.8428753605  -39.0577281819   9.0665953e-03 
       740  -39.0830805329   2.7318127e-02             730    4.4820457112      0.9380(20)               5    4.6683581122  -39.0144500484   9.0700743e-03 
       750  -39.0789442645               0             740   -1.0000000000      0.9380(20)               5    4.5835807804  -38.9919868745   9.0661529e-03 
       760  -39.0751232860               0             750   -1.0000000000      0.9381(20)               5    4.4937140590  -38.9683649180   9.0599907e-03 
       770  -39.0840706007               0             760   -1.0000000000      0.9381(20)               5    4.7747045763  -39.0379647915   9.0537282e-03 
       780  -39.0871315946   2.9978911e-02             770    4.9913871494      0.9377(19)               5    4.9269598073  -39.0724158081   9.0483097e-03 
       790  -39.0858526226   2.9978911e-02             780    5.0698674321      0.9378(19)               5    4.8798074378  -39.0615204698   9.0513155e-03 
       800  -39.0867405191   2.9391042e-02             790    4.9857814412      0.9382(19)               5    4.9262712331  -39.0718849664   9.0539697e-03 
       810  -39.0888516453   2.8913251e-02             800    4.8528569517      0.9381(19)               5    5.0177641130  -39.0923981716   9.0483964e-03 
       820  -39.0865537630   2.8913251e-02             810    4.9060950276      0.9379(19)               5    4.9254799530  -39.0715375729   9.0434430e-03 
       830  -39.0839572139   2.8808454e-02             820    4.9293280919      0.9379(19)               5    4.8287897839  -39.0491151754   9.0467860e-03 
       840  -39.0861282646   2.8808454e-02             830    5.0123844215      0.9376(19)               5    4.9225601206  -39.0705190970   9.0465616e-03 
       850  -39.0823034683   2.8301627e-02             840    4.8750641391      0.9376(19)               5    4.7997068293  -39.0414203946   9.0430227e-03 
       860  -39.0824448093   2.7944078e-02             850    4.8327716995      0.9373(18)               5    4.8165954047  -39.0450742277   9.0408530e-03 
       870  -39.0823704401   2.7944078e-02             860    4.9269652959      0.9373(18)               5    4.8137054426  -39.0443996775   9.0440482e-03 
       880  -39.0831920147   2.7466493e-02             870    4.8037207580      0.9371(18)               5    4.8763275573  -39.0581464891   9.0325276e-03 
       890  -39.0812855439   2.7077729e-02             880    4.6819762846      0.9368(18)               5    4.7984744577  -39.0401456776   9.0283263e-03 
       900  -39.0808963937   2.7077729e-02             890    4.7409526307      0.9367(18)               5    4.8064957110  -39.0414267574   9.0289238e-03 
       910  -39.0815424740   2.6595426e-02             900    4.6386380792      0.9369(18)               5    4.8426431240  -39.0495652333   9.0309328e-03 
       920  -39.0818476221   2.6595426e-02             910    4.7247584604      0.9367(18)               5    4.8762880652  -39.0567939977   9.0283219e-03 
       930  -39.0822402823   2.6195265e-02             920    4.6405191300      0.9365(18)               5    4.9173488038  -39.0655718942   9.0216177e-03 
       940  -39.0773032269   2.6060364e-02             930    4.5875731162      0.9363(18)               5    4.7526845492  -39.0265749411   9.0190997e-03 
       950  -39.0814422664   2.6060364e-02             940    4.5726370846      0.9364(18)               5    4.9277876112  -39.0668944809   9.0199685e-03 
       960  -39.0835544489   2.5755031e-02             950    4.5148857302      0.9365(18)               5    5.0189296946  -39.0873332392   9.0171178e-03 
       970  -39.0819172317   2.5323874e-02             960    4.4324772798      0.9368(17)               5    4.9637768135  -39.0746462246   9.0176210e-03 
       980  -39.0828877935   2.5323874e-02             970    4.5104125712      0.9371(17)               5    4.9994194244  -39.0827716717   9.0191737e-03 
       990  -39.0838493741   2.4905098e-02             980    4.4202755966      0.9372(17)               5    5.0346719090  -39.0907598236   9.0200199e-03 
      1000  -39.0843659973   2.4905098e-02             990    4.4857466049      0.9370(17)               5    5.0713233297  -39.0985298801   9.0176777e-03 
      1000  -39.0843659973   2.4905098e-02             990    4.4857466049      0.9370(17)               5    5.0713233297  -39.0985298801   9.0176777e-03 
      1000  -39.0843659973   2.4905098e-02             990    4.4857466049      0.9370(17)               5    5.0713233297  -39.0985298801   9.0176777e-03 
***************  Print Results (ok = 1)
**************** Start of Results *****************

------------------- Energy -------------------
    -39.084365997259 +/- 0.024905097526       (990 samples, Tcorr    4.48575)
  DeCorr_depth       samples           Ave           Std        StdStd           Var        VarStd    Corr. Len.      Variance          Skew      Kurtosis
0                        990    -39.084366  1.175901e-02  2.643977e-04  1.382744e-04  6.218113e-06      0.000000      0.136753 571756.386319181286396.741584
1                        495    -39.084366  1.425735e-02  4.535867e-04  2.032720e-04  1.293389e-05      1.470063      0.100416 908616.277798336210889.690754
2                        247    -39.084780  1.781609e-02  8.032115e-04  3.174132e-04  2.862018e-05      2.295531      0.0780841322950.334713555143748.998188
3                        123    -39.084099  2.060813e-02  1.319300e-03  4.246949e-04  5.437661e-05      3.071392      0.0518132457770.5771681266082394.016084
             4            61    -39.082358  2.490510e-02  2.273514e-03  6.202639e-04  1.132442e-04      4.485747      0.0372164009351.9248782436933519.249553
5                         30    -39.081917  2.440702e-02  3.204799e-03  5.957027e-04  1.564392e-04      4.308120      0.01727512892213.20527811501263930.019209
6                         15    -39.081917  2.509129e-02  4.741807e-03  6.295726e-04  2.379561e-04      4.553067      0.00881433290282.35385141574325779.482674
7                          7    -39.080951  3.650260e-02  1.053739e-02  1.332440e-03  7.692844e-04      9.636200      0.00799535827307.02243246973295239.345474
8                          3    -39.087579  3.924035e-02  1.962017e-02  1.539805e-03  1.539805e-03     11.135864      0.003080      0.000000      0.000000
9                          1    -39.066273

----------------- Energy^2 -------------------
   1528.427358011108 +/- 99.000000000000      (500 samples, Tcorr   -1.00000)

--------------- Kinetic Energy ---------------
     38.427468824737 +/- 99.000000000000      (990 samples, Tcorr   -1.00000)

-------------- Potential Energy --------------
    -77.511834821995 +/- 99.000000000000      (990 samples, Tcorr   -1.00000)

-------------- Nuc-Elec Energy ---------------
   -102.105173916566 +/- 99.000000000000      (990 samples, Tcorr   -1.00000)

-------------- Elec-Elec Energy --------------
     18.550311603994 +/- 99.000000000000      (990 samples, Tcorr   -1.00000)

------------ AcceptanceProbability -----------
      0.937032235969 +/- 0.001710765612       (990 samples, Tcorr    0.00000)

------------ DistanceMovedAccepted -----------
      0.225887067256 +/- 0.001045379863       (990 samples, Tcorr    0.00000)

------------- DistanceMovedTrial -------------
      0.250493612151 +/- 0.001081915067       (990 samples, Tcorr    0.00000)

----------------- Walker Age -----------------
      0.000000000000 +/- 1.000000000000e+300  (0 samples, Tcorr   -2.00000)

--------------- Weight Change ----------------
      0.999974911530 +/- 0.000223300988       (990 samples, Tcorr    6.35888)

---------------- Growth Rate -----------------
      0.000000000000 +/- 0.000000000000       (990 samples, Tcorr    0.00000)

----------------- logWeights -----------------
      0.979585213066 +/- 99.000000000000      (990 samples, Tcorr   -1.00000)
dt_effective: 0.00902 +/- 0.00057

**************** End of Results *****************
***************  Finalize
Average iterations per hour:                              5.2211e+06
Average iterations*walkers per hour:                      2.6105e+07
Average microseconds per sample:                          670.58
Average microseconds per sample per num initial walkers:  134.12

Wallclock Time:                          689 ms   =                0.689 s    =             0.011483 mins =           0.00019139 hrs 
Total Time:                              689 ms   =                0.689 s    =             0.011483 mins =           0.00019139 hrs     100.00 %
Initialization Time:                       3 ms   =                0.003 s    =                5e-05 mins =           8.3333e-07 hrs       0.49 %
Equilibration Time:                        0 ms   =                    0 s    =                    0 mins =                    0 hrs       0.00 %
Propagation Time:                        663 ms   =                0.663 s    =              0.01105 mins =           0.00018417 hrs      96.28 %
Send Command Time:                         0 ms   =                    0 s    =                    0 mins =                    0 hrs       0.00 %
Gather Properties Time:                    0 ms   =                    0 s    =                    0 mins =                    0 hrs       0.07 %
Synchronization Time:                      0 ms   =                    0 s    =                    0 mins =                    0 hrs       0.00 %
Poll for Command Time:                     0 ms   =                    0 s    =                    0 mins =                    0 hrs       0.00 %
Optimization Time:                         0 ms   =                    0 s    =                    0 mins =                    0 hrs       0.00 %

      Evaluate basis functions: 0 ( avg =       0.00 us, n=            -10)       nan % cumulative =        nan %
         Matrix Multiplication: 0 ( avg =       0.00 us, n=            -10)       nan % cumulative =        nan %
             Derivative Ratios: 0 ( avg =       0.00 us, n=            -10)       nan % cumulative =        nan %
      Evaluate basis functions: 0 ( avg =       0.00 us, n=            -10)       nan % cumulative =        nan %
         Matrix Multiplication: 0 ( avg =       0.00 us, n=            -10)       nan % cumulative =        nan %
             Derivative Ratios: 0 ( avg =       0.00 us, n=            -10)       nan % cumulative =        nan %
              Potential Energy: 0 ( avg =       0.00 us, n=            -10)       nan % cumulative =        nan %
                    EN Jastrow: 0 ( avg =       0.00 us, n=            -10)       nan % cumulative =        nan %
                    EE Jastrow: 0 ( avg =       0.00 us, n=            -10)       nan % cumulative =        nan %
                   EEN Jastrow: 0 ( avg =       0.00 us, n=            -10)       nan % cumulative =        nan %
                Psi Quantities: 0 ( avg =       0.00 us, n=            -10)       nan % cumulative =        nan %
            Walker Propagation: 0 ( avg =       0.00 us, n=            -10)       nan % cumulative =        nan %
           Correlated Sampling: 0 ( avg =       0.00 us, n=            -10)       nan % cumulative =        nan %
         Calculate Observables: 0 ( avg =       0.00 us, n=            -10)       nan % cumulative =        nan %
                   Entire Step: 0 ( avg =       0.00 us, n=            -10)    100.00 % cumulative =     100.00 %
Wallclock Time:                          712 ms   =                0.712 s    =             0.011867 mins =           0.00019778 hrs 
