QMcBeaver version 20090214 was compiled in double precision.
Compiled on Feb 14 2009 10:43:08
Compiler version 3.4.6 20060404 (Red Hat 3.4.6-8)
With the libraries: MPI BLAS LAPACK
Signaling: CHANNEL1 = 23 CHANNEL2 = 40


Warning: you requested more walkers_per_pass (10) than walkers (1), resetting walkers_per_pass.
EupEdn:
Cambridge 2 particle jastrow parameters:
  g = 0.5  C = 3  L = 0.134131 (L optimized)
x = r / 7.455398
(x - 1)^3 (0.693853 -1.64614 x -0.930127 x^2 +4.961291 x^3 -0.4317459 x^4 +3.082788 x^5 +0.1584816 x^6 -43.42687 x^7 +39.21022 x^8 )

EupEup:
Cambridge 2 particle jastrow parameters:
  g = 0.25  C = 3  L = 0.2375457 (L optimized)
x = r / 4.209717
(x - 1)^3 (0.4986998 +0.4436701 x -2.383543 x^2 +1.388152 x^3 +3.855627 x^4 +3.109965 x^5 -10.83672 x^6 -10.60712 x^7 +19.61702 x^8 )

EupNuclear(C):
Cambridge 2 particle jastrow parameters:
  g = 0  C = 3  L = 0.2054415 (L optimized)
x = r / 4.867565
(x - 1)^3 (-1.609775 -4.829324 x -1.37108 x^2 +14.59026 x^3 +36.04609 x^4 -84.47491 x^5 -8.954576 x^6 +41.82033 x^7 +2.328711 x^8 )

EupNuclear(H):
Cambridge 2 particle jastrow parameters:
  g = 0  C = 3  L = 0.2478756 (L optimized)
x = r / 4.034282
(x - 1)^3 (-0.1869661 -0.5608982 x +0.02652195 x^2 +3.477004 x^3 -27.19412 x^4 +59.16725 x^5 -17.40009 x^6 -57.25126 x^7 +33.87518 x^8 )

EENuclear(C):
 Total Parameters = 64
 Free Parameters = 27
Cambridge 3 particle jastrow parameters:
  Nen = 4  Nee = 4  C = 3  L = 0.2952245 (optimized)
x1  = r1  / 3.387253
x2  = r2  / 3.387253
x12 = r12 / 3.387253
(x1 - 1)^3 (x2 - 1)^3 (
+0.1031381                               +0.3094144 (x1 + x2)                     +0.9282431 x1 x2                         +47.0373   x1 x2 x12                     
+3.856545  (x1^2 + x2^2)                 -43.92652  (x1^2 x2 + x2^2 x1)           +167.1395  x1^2 x2^2                     -23.51865  (x1^2 + x2^2) x12             
-10.5638   (x1^2 x2 + x2^2 x1) x12       -84.58084  x1^2 x2^2 x12                 -6.614082  x12^2                         -11.38339  (x1 + x2) x12^2               
+2.282732  x1 x2 x12^2                   +40.10138  (x1^2 + x2^2) x12^2           -27.30015  (x1^2 x2 + x2^2 x1) x12^2     +2.036916  x1^2 x2^2 x12^2               
+7.542512  (x1^3 + x2^3)                 +24.92123  (x1^3 x2 + x2^3 x1)           -73.41142  (x1^3 x2^2 + x2^3 x1^2)       -5.963275  x1^3 x2^3                     
+10.5638   (x1^3 + x2^3) x12             +42.29042  (x1^3 x2 + x2^3 x1) x12       -13.56973  (x1^3 + x2^3) x12^2           -77.35236  (x1^3 x2 + x2^3 x1) x12^2     
+11.35862  (x1^3 x2^2 + x2^3 x1^2) x12^2 +9.149992  x1^3 x2^3 x12^2               +22.50306  x12^3                         -31.20958  (x1 + x2) x12^3               
+43.37653  x1 x2 x12^3                   +0.9337197 (x1^2 + x2^2) x12^3           +39.44433  (x1^2 x2 + x2^2 x1) x12^3     +11.90398  x1^2 x2^2 x12^3               
-0.9116152 (x1^3 + x2^3) x12^3           -2.734846  (x1^3 x2 + x2^3 x1) x12^3     +0.3015762 (x1^3 x2^2 + x2^3 x1^2) x12^3 -3.790866  x1^3 x2^3 x12^3               )

EENuclear(H):
 Total Parameters = 64
 Free Parameters = 27
Cambridge 3 particle jastrow parameters:
  Nen = 4  Nee = 4  C = 3  L = 0.3261745 (optimized)
x1  = r1  / 3.065843
x2  = r2  / 3.065843
x12 = r12 / 3.065843
(x1 - 1)^3 (x2 - 1)^3 (
-0.02980178                              -0.08940535 (x1 + x2)                    -0.268216  x1 x2                         +30.79615  x1 x2 x12                     
+8.127686  (x1^2 + x2^2)                 -34.24424  (x1^2 x2 + x2^2 x1)           +98.27825  x1^2 x2^2                     -15.39807  (x1^2 + x2^2) x12             
-25.84868  (x1^2 x2 + x2^2 x1) x12       -31.57179  x1^2 x2^2 x12                 -8.132317  x12^2                         +3.434203  (x1 + x2) x12^2               
+26.22321  x1 x2 x12^2                   +29.98545  (x1^2 + x2^2) x12^2           -19.07798  (x1^2 x2 + x2^2 x1) x12^2     +23.45169  x1^2 x2^2 x12^2               
-12.11153  (x1^3 + x2^3)                 +45.4714   (x1^3 x2 + x2^3 x1)           -57.41103  (x1^3 x2^2 + x2^3 x1^2)       +10.2428   x1^3 x2^3                     
+25.84868  (x1^3 + x2^3) x12             +15.78589  (x1^3 x2 + x2^3 x1) x12       -43.43682  (x1^3 + x2^3) x12^2           -82.18554  (x1^3 x2 + x2^3 x1) x12^2     
+25.79342  (x1^3 x2^2 + x2^3 x1^2) x12^2 +5.325397  x1^3 x2^3 x12^2               +23.38179  x12^3                         -47.92675  (x1 + x2) x12^3               
+27.01422  x1 x2 x12^3                   +26.16969  (x1^2 + x2^2) x12^3           +30.38414  (x1^2 x2 + x2^2 x1) x12^3     +5.85529   x1^2 x2^2 x12^3               
+8.135938  (x1^3 + x2^3) x12^3           +24.40781  (x1^3 x2 + x2^3 x1) x12^3     -32.92551  (x1^3 x2^2 + x2^3 x1^2) x12^3 -25.00658  x1^3 x2^3 x12^3               )

***************  TheMan.run();
 iteration            Eavg            Estd    Num. Samples           Tcorr      Acceptance         <p dR2>     Sample Var.         Summary
       -19    0.0000000000   0.0000000e+00               0   -2.0000000000         0.00000         0.00000    0.0000000000         0.00000 
       -18    0.0000000000   0.0000000e+00               0   -2.0000000000         0.00000         0.00000    0.0000000000         0.00000 
       -17    0.0000000000   0.0000000e+00               0   -2.0000000000         0.00000         0.00000    0.0000000000         0.00000 
       -16    0.0000000000   0.0000000e+00               0   -2.0000000000         0.00000         0.00000    0.0000000000         0.00000 
       -15    0.0000000000   0.0000000e+00               0   -2.0000000000         0.00000         0.00000    0.0000000000         0.00000 
       -14    0.0000000000   0.0000000e+00               0   -2.0000000000         0.00000         0.00000    0.0000000000         0.00000 
       -13    0.0000000000   0.0000000e+00               0   -2.0000000000         0.00000         0.00000    0.0000000000         0.00000 
       -12    0.0000000000   0.0000000e+00               0   -2.0000000000         0.00000         0.00000    0.0000000000         0.00000 
       -11    0.0000000000   0.0000000e+00               0   -2.0000000000         0.00000         0.00000    0.0000000000         0.00000 
       -10 -229.8460284041   0.0000000e+00               1   -2.0000000000         0.50694         3.42983    0.0000000000      -229.84603 
        -9    0.0000000000   0.0000000e+00               0   -2.0000000000         0.00000         0.00000    0.0000000000         0.00000 
        -8    0.0000000000   0.0000000e+00               0   -2.0000000000         0.00000         0.00000    0.0000000000         0.00000 
        -7    0.0000000000   0.0000000e+00               0   -2.0000000000         0.00000         0.00000    0.0000000000         0.00000 
        -6    0.0000000000   0.0000000e+00               0   -2.0000000000         0.00000         0.00000    0.0000000000         0.00000 
        -5    0.0000000000   0.0000000e+00               0   -2.0000000000         0.00000         0.00000    0.0000000000         0.00000 
        -4    0.0000000000   0.0000000e+00               0   -2.0000000000         0.00000         0.00000    0.0000000000         0.00000 
        -3    0.0000000000   0.0000000e+00               0   -2.0000000000         0.00000         0.00000    0.0000000000         0.00000 
        -2    0.0000000000   0.0000000e+00               0   -2.0000000000         0.00000         0.00000    0.0000000000         0.00000 
        -1    0.0000000000   0.0000000e+00               0   -2.0000000000         0.00000         0.00000    0.0000000000         0.00000 
         0 -232.6095728186   0.0000000e+00               1   -2.0000000000         0.66030         0.61153    0.0000000000      -232.60957 
        21 -232.1995900139   0.0000000e+00               1   -2.0000000000         0.92783         0.94176    0.0000000000      -232.19959 
        22 -231.6192734051   0.0000000e+00               2   -2.0000000000         0.71375         0.87593    0.3367673664      -231.61927 
        23 -231.0860077463   0.0000000e+00               3   -2.0000000000         0.64239         0.84258    0.7932561033      -231.08601 
        24 -231.3287944696   0.0000000e+00               4   -2.0000000000         0.73179         0.89814    0.7717782566      -231.32879 
        25 -231.3095279880   0.0000000e+00               5   -2.0000000000         0.78543         1.00791    0.6189073945      -231.30953 
        26 -231.3189516950   0.0000000e+00               6   -2.0000000000         0.82120         1.02936    0.5162001934      -231.31895 
        27 -231.5734020210   0.0000000e+00               7   -2.0000000000         0.82829         1.01593    0.8309271190      -231.57340 
        28 -231.6094522695   0.0000000e+00               8   -2.0000000000         0.84976         1.06593    0.7361585721      -231.60945 
        29 -231.7005157192   0.0000000e+00               9   -2.0000000000         0.86645         1.01928    0.7207035902      -231.70052 
        30 -231.6010700575   0.0000000e+00              10   -2.0000000000         0.87980         0.95069    0.7376381878      -231.60107 
        31 -231.5971079779   0.0000000e+00              11   -2.0000000000         0.89073         0.88293    0.6707371515      -231.59711 
        32 -231.3359832983   0.0000000e+00              12   -2.0000000000         0.89556         0.90419    1.3648894699      -231.33598 
        33 -231.6132816042   0.0000000e+00              13   -2.0000000000         0.90360         0.94155    2.1826301776      -231.61328 
        34 -231.7559248299   0.0000000e+00              14   -2.0000000000         0.91048         0.96080    2.2912401900      -231.75592 
        35 -231.8688157391   0.0000000e+00              15   -2.0000000000         0.91645         0.97376    2.3169118472      -231.86882 
        36 -231.9652042616   0.0000000e+00              16   -2.0000000000         0.92167         0.91886    2.3114660659      -231.96520 
        37 -232.0012825460   0.0000000e+00              17   -2.0000000000         0.92628         0.93223    2.1963237554      -232.00128 
        38 -232.0325355811   0.0000000e+00              18   -2.0000000000         0.93037         0.88125    2.0909105565      -232.03254 
        39 -231.8055486402   0.0000000e+00              19   -2.0000000000         0.91288         0.87138    2.9082779162      -231.80555 
        40 -231.4508459949   0.0000000e+00              20   -2.0000000000         0.89713         0.83777    5.1533293861      -231.45085 
        41 -231.2043630680   0.0000000e+00              21   -2.0000000000         0.87809         0.82915    6.1230094136      -231.20436 
        42 -231.1288545036   0.0000000e+00              22   -2.0000000000         0.86077         0.80140    5.9644232133      -231.12885 
        43 -231.0016118177   0.0000000e+00              23   -2.0000000000         0.86683         0.82031    6.0612958894      -231.00161 
        44 -230.9377601039   0.0000000e+00              24   -2.0000000000         0.87237         0.80328    5.9025138450      -230.93776 
        45 -230.8740882414   0.0000000e+00              25   -2.0000000000         0.85230         0.78861    5.7637118371      -230.87409 
        46 -230.9484980611   0.0000000e+00              26   -2.0000000000         0.85403         0.80759    5.6804511444      -230.94850 
        47 -231.0027111956   0.0000000e+00              27   -2.0000000000         0.85563         0.78379    5.5464797276      -231.00271 
        48 -231.0110825161   0.0000000e+00              28   -2.0000000000         0.86079         0.80285    5.3502832991      -231.01108 
        49 -231.0289725315   0.0000000e+00              29   -2.0000000000         0.86559         0.81699    5.1747522458      -231.02897 
        50 -231.0676617105   0.0000000e+00              30   -2.0000000000         0.87007         0.83729    5.0456692289      -231.06766 
        50 -231.0676617105   0.0000000e+00              30   -2.0000000000         0.87007         0.83729    5.0456692289      -231.06766 
***************  Print Results (ok = 1)
**************** Start of Results *****************

------------------- Energy -------------------
   -231.067661710542 +/- 1.000000000000e+300  (30 samples, Tcorr   -2.00000)
  DeCorr_depth       samples           Ave           Std        StdStd           Var        VarStd    Corr. Len.      Variance          Skew      Kurtosis
0                         30   -231.067662  4.171194e-01  5.477046e-02  1.739886e-01  4.569164e-02      0.000000      5.045669      0.966451      0.663400
1                         15   -231.067662  5.414180e-01  1.023184e-01  2.931335e-01  1.107940e-01      1.684786      4.103869      0.837080      0.273128
2                          7   -231.011083  6.685464e-01  1.929927e-01  4.469543e-01  2.580492e-01      2.568871      2.681726     -0.036698     -0.592523
3                          3   -230.937760  1.047773e+00  5.238864e-01  1.097828e+00  1.097828e+00      6.309770      2.195656      0.000000      0.000000
4                          1   -231.965204

----------------- Energy^2 -------------------
  5.339730995761e+04 +/- 1.000000000000e+300  (30 samples, Tcorr   -2.00000)

--------------- Kinetic Energy ---------------
    357.062462182984 +/- 1.000000000000e+300  (30 samples, Tcorr   -2.00000)

-------------- Potential Energy --------------
   -588.130123893526 +/- 1.000000000000e+300  (30 samples, Tcorr   -2.00000)

-------------- Nuc-Elec Energy ---------------
  -1079.184499632317 +/- 1.000000000000e+300  (30 samples, Tcorr   -2.00000)

-------------- Elec-Elec Energy --------------
    287.441238152981 +/- 1.000000000000e+300  (30 samples, Tcorr   -2.00000)

------------ AcceptanceProbability -----------
      0.870070281426 +/- 1.000000000000e+300  (30 samples, Tcorr   -2.00000)

------------ DistanceMovedAccepted -----------
      0.837289693955 +/- 1.000000000000e+300  (30 samples, Tcorr   -2.00000)

------------- DistanceMovedTrial -------------
      1.288514392135 +/- 1.000000000000e+300  (30 samples, Tcorr   -2.00000)

----------------- Walker Age -----------------
      0.000000000000 +/- 1.000000000000e+300  (0 samples, Tcorr   -2.00000)
dt_effective: 0.00650 +/- inf

--------------- Virial Ratio (-<V>/<T>) ---------------
      0: 1.64714 +/- inf
         Total Energy Estimator (KE/Virial): -357.06246 +/- inf
         Total Energy Estimator (PE/Virial): -294.06506 +/- inf

**************** End of Results *****************
***************  Finalize
Average iterations per hour:                              2.1558e+05
Average iterations*walkers per hour:                      2.1558e+05
Average microseconds per sample:                          6552.7
Average microseconds per sample per num initial walkers:  6552.7

Wallclock Time:                          834 ms   =                0.834 s    =               0.0139 mins =           0.00023167 hrs 
Total Time:                              834 ms   =                0.834 s    =               0.0139 mins =           0.00023167 hrs     100.00 %
Initialization Time:                       9 ms   =                0.009 s    =              0.00015 mins =              2.5e-06 hrs       1.10 %
Equilibration Time:                      130 ms   =                 0.13 s    =            0.0021667 mins =           3.6111e-05 hrs      15.61 %
Propagation Time:                        196 ms   =                0.196 s    =            0.0032667 mins =           5.4444e-05 hrs      23.54 %
Send Command Time:                         0 ms   =                    0 s    =                    0 mins =                    0 hrs       0.00 %
Gather Properties Time:                    0 ms   =                    0 s    =                    0 mins =                    0 hrs       0.05 %
Synchronization Time:                      0 ms   =                    0 s    =                    0 mins =                    0 hrs       0.00 %
Poll for Command Time:                     0 ms   =                    0 s    =                    0 mins =                    0 hrs       0.00 %
Optimization Time:                         0 ms   =                    0 s    =                    0 mins =                    0 hrs       0.00 %

      Evaluate basis functions: 0 ( avg =    1538.58 us, n=             36)     18.35 % cumulative =      18.35 %
         Matrix Multiplication: 0 ( avg =     761.25 us, n=             36)      9.08 % cumulative =      27.43 %
             Derivative Ratios: 0 ( avg =     159.47 us, n=             36)      1.90 % cumulative =      29.33 %
      Evaluate basis functions: 0 ( avg =    1534.75 us, n=             36)     18.30 % cumulative =      47.64 %
         Matrix Multiplication: 0 ( avg =     759.14 us, n=             36)      9.05 % cumulative =      56.69 %
             Derivative Ratios: 0 ( avg =     153.14 us, n=             36)      1.83 % cumulative =      58.52 %
              Potential Energy: 0 ( avg =      34.19 us, n=             36)      0.41 % cumulative =      58.92 %
                    EN Jastrow: 0 ( avg =     122.53 us, n=             36)      1.46 % cumulative =      60.38 %
                    EE Jastrow: 0 ( avg =     253.67 us, n=             36)      3.03 % cumulative =      63.41 %
                   EEN Jastrow: 0 ( avg =    2549.47 us, n=             36)     30.41 % cumulative =      93.82 %
                Psi Quantities: 0 ( avg =      38.89 us, n=             36)      0.46 % cumulative =      94.28 %
            Walker Propagation: 0 ( avg =     388.09 us, n=             35)      4.63 % cumulative =      98.91 %
           Correlated Sampling: 0 ( avg =       0.00 us, n=            -15)      0.00 % cumulative =      98.91 %
         Calculate Observables: 0 ( avg =      27.91 us, n=             35)      0.33 % cumulative =      99.24 %
                   Entire Step: 0 ( avg =    8384.66 us, n=             35)    100.00 % cumulative =     100.00 %
Wallclock Time:                          903 ms   =                0.903 s    =              0.01505 mins =           0.00025083 hrs 
