QMcBeaver version 20080225 was compiled in double precision.
Compiled on Feb 25 2008 23:08:28
Compiler version 3.4.6 20060404 (Red Hat 3.4.6-8)
With the libraries: MPI BLAS LAPACK
Signaling: CHANNEL1 = 23 CHANNEL2 = 40


EupEdn:
Cambridge 2 particle jastrow parameters:
  g = 0.5  C = 3  L = 0.132296 (not optimized)
x = r / 7.558796
(x - 1)^3 (0.8405165 -1.257848 x +3.21626 x^2 -5.816737 x^3 +16.66292 x^4 -2.55757 x^5 +0.4881917 x^6 -39.4811 x^7 +37.63657 x^8 )

EupEup:
Cambridge 2 particle jastrow parameters:
  g = 0.25  C = 3  L = 0.1650514 (not optimized)
x = r / 6.058719
(x - 1)^3 (0.5673431 +0.1873495 x -4.979518 x^2 +14.87349 x^3 -8.49391 x^4 -2.106899 x^5 -3.162035 x^6 -1.597686 x^7 +17.71202 x^8 )

EupNuclear(C):
Cambridge 2 particle jastrow parameters:
  g = 0  C = 3  L = 0.1432064 (not optimized)
x = r / 6.982926
(x - 1)^3 (-2.511211 -7.533634 x +10.66134 x^2 -9.43975 x^3 +23.58467 x^4 -71.95954 x^5 +12.47256 x^6 +44.69709 x^7 -25.23846 x^8 )

EupNuclear(H):
Cambridge 2 particle jastrow parameters:
  g = 0  C = 3  L = 0.2285841 (not optimized)
x = r / 4.374758
(x - 1)^3 (-0.2007082 -0.6021245 x -1.393993 x^2 +6.308656 x^3 -26.9595 x^4 +56.72875 x^5 -30.03145 x^6 -56.71393 x^7 +64.12862 x^8 )

EupEdnNuclear(C):
 Total Parameters = 64
 Free Parameters = 27
Cambridge 3 particle jastrow parameters:
  Nen = 4  Nee = 4  C = 3  L = 0.2623644 (not optimized)
r1  = x1  / 3.811493
r2  = x2  / 3.811493
r12 = x12 / 3.811493
(r1 - 1)^3 (r2 - 1)^3 (
+0.09158602                              +0.274758  (r1 + r2)                     +0.8242741 r1 r2                         +32.70415  r1 r2 r12                     
+2.925169  (r1^2 + r2^2)                 -39.42111  (r1^2 r2 + r2^2 r1)           +130.3304  r1^2 r2^2                     -16.35208  (r1^2 + r2^2) r12             
-3.279182  (r1^2 r2 + r2^2 r1) r12       +10.695    r1^2 r2^2 r12                 -7.300259  r12^2                         -6.408305  (r1 + r2) r12^2               
+4.154608  r1 r2 r12^2                   +24.65097  (r1^2 + r2^2) r12^2           -9.840991  (r1^2 r2 + r2^2 r1) r12^2     +31.73644  r1^2 r2^2 r12^2               
+6.423576  (r1^3 + r2^3)                 +37.58342  (r1^3 r2 + r2^3 r1)           -104.1997  (r1^3 r2^2 + r2^3 r1^2)       -0.2197408 r1^3 r2^3                     
+3.279182  (r1^3 + r2^3) r12             -5.3475    (r1^3 r2 + r2^3 r1) r12       -7.02761   (r1^3 + r2^3) r12^2           -43.92766  (r1^3 r2 + r2^3 r1) r12^2     
+38.5241   (r1^3 r2^2 + r2^3 r1^2) r12^2 +22.58192  r1^3 r2^3 r12^2               +21.14533  r12^3                         -24.03327  (r1 + r2) r12^3               
+26.87914  r1 r2 r12^3                   -6.297709  (r1^2 + r2^2) r12^3           +3.951706  (r1^2 r2 + r2^2 r1) r12^3     -14.33271  r1^2 r2^2 r12^3               
+9.108368  (r1^3 + r2^3) r12^3           +27.3251   (r1^3 r2 + r2^3 r1) r12^3     -44.3088   (r1^3 r2^2 + r2^3 r1^2) r12^3 -9.091852  r1^3 r2^3 r12^3               )

***************  TheMan.run();
 iteration            Eavg            Estd    Num. Walkers         Weights    Trial Energy         Eff. dt    Num. Samples            Skew        Kurtosis
       -95    0.0000000000   0.0000000e+00              10   10.0668697652  -78.8594373085   8.2790397e-03               0       0.0000000       0.0000000 
       -90    0.0000000000   0.0000000e+00              13   10.0509053145  -78.6942664536   7.9357613e-03               0       0.0000000       0.0000000 
       -85    0.0000000000   0.0000000e+00              11   10.0064746365  -78.1400763283   7.5569660e-03               0       0.0000000       0.0000000 
       -80    0.0000000000   0.0000000e+00              13   10.0339580330  -78.5263773895   7.1830553e-03               0       0.0000000       0.0000000 
       -75    0.0000000000   0.0000000e+00              11   10.1221093428  -79.8410283885   6.7933327e-03               0       0.0000000       0.0000000 
       -70    0.0000000000   0.0000000e+00              13   10.0476665906  -78.7990656796   6.3860908e-03               0       0.0000000       0.0000000 
       -65    0.0000000000   0.0000000e+00              11   10.0842121225  -79.4553026981   5.9862182e-03               0       0.0000000       0.0000000 
       -60    0.0000000000   0.0000000e+00              11    9.9241110470  -76.6931169421   5.5959634e-03               0       0.0000000       0.0000000 
       -55    0.0000000000   0.0000000e+00              10    9.9902877130  -77.8679604391   5.2111442e-03               0       0.0000000       0.0000000 
       -50    0.0000000000   0.0000000e+00              11   10.0141679841  -78.3477759962   4.8263075e-03               0       0.0000000       0.0000000 
       -45    0.0000000000   0.0000000e+00              10   10.0236131296  -78.5859645176   4.4371778e-03               0       0.0000000       0.0000000 
       -40    0.0000000000   0.0000000e+00              11   10.0247287814  -78.6648943836   4.0457901e-03               0       0.0000000       0.0000000 
       -35    0.0000000000   0.0000000e+00              10    9.9954455483  -77.9297406013   3.6535771e-03               0       0.0000000       0.0000000 
       -30    0.0000000000   0.0000000e+00              11    9.9962702348  -77.9400038534   3.2602519e-03               0       0.0000000       0.0000000 
       -25    0.0000000000   0.0000000e+00              10   10.0060634608  -78.2659279733   2.8659934e-03               0       0.0000000       0.0000000 
       -20    0.0000000000   0.0000000e+00              11   10.0145061494  -78.6410685825   2.4709502e-03               0       0.0000000       0.0000000 
       -15    0.0000000000   0.0000000e+00              10   10.0083097672  -78.4547684480   2.0748045e-03               0       0.0000000       0.0000000 
       -10    0.0000000000   0.0000000e+00              11   10.0122223391  -78.7825328359   1.6776221e-03               0       0.0000000       0.0000000 
        -5    0.0000000000   0.0000000e+00              10   10.0129045549  -79.0623226454   1.2795201e-03               0       0.0000000       0.0000000 
         0  -78.4666375214               0              11    9.9999995542  -78.0543757049   8.8055949e-04             100       0.3135542       0.9231905 
       105  -78.4489488754   8.4168442e-02              10   10.0027612683  -78.1160483350   9.9725628e-04             105       0.2316261       0.9055210 
       110  -78.4402040565               0              11   10.0041010786  -78.1917865674   9.9248593e-04             110       0.2032176       0.9305520 
       115  -78.4507684374   7.8838356e-02              10   10.0226120781  -78.3534932892   9.9213005e-04             115       0.2244539       0.9108239 
       120  -78.4937120026               0              11   10.0723106944  -78.6280638660   9.8350092e-04             120       0.0768939       0.7321268 
       125  -78.4704855835               0              10   10.0403734991  -78.4889460594   9.7852227e-04             125       0.1196322       0.4917924 
       130  -78.4840243944               0              11   10.0504037281  -78.5433254587   9.7708460e-04             130       0.1178982       0.3980562 
       135  -78.5482835068               0              10   10.1296418165  -78.7791656357   9.7883436e-04             135      -0.3461666       0.8438891 
       140  -78.5780652948   1.1499053e-01              11   10.1485832944  -78.8525054246   9.7803685e-04             140      -0.3041204       0.5878716 
       145  -78.6343112555               0              10   10.2033946767  -79.0008321930   9.7636289e-04             145      -0.3903590       0.3291071 
       150  -78.6793367593               0              11   10.2441650331  -79.0976510613   9.7691525e-04             150      -0.3580345       0.0576065 
       155  -78.7228641878               0              10   10.2905978621  -79.1816711346   9.7770464e-04             155      -0.3398787      -0.1273046 
       160  -78.7517355426               0              11   10.3097930769  -79.2193920122   9.7911138e-04             160      -0.2639998      -0.2523622 
       165  -78.7573723761               0              10   10.2964617154  -79.1966340311   9.7913888e-04             165      -0.2472483      -0.1925979 
       170  -78.7561967574               0              11   10.2738482808  -79.1611927427   9.7956224e-04             170      -0.2540781      -0.1209294 
       175  -78.7727444339               0              10   10.2786086755  -79.1720007604   9.8024412e-04             175      -0.2066659      -0.1542823 
       180  -78.7881089616               0              11   10.2887300568  -79.1814430516   9.8109439e-04             180      -0.1603532      -0.1607627 
       185  -78.7846029099               0              10   10.2644831388  -79.1493313540   9.8171896e-04             185      -0.1759251      -0.0863495 
       190  -78.7920415196               0              11   10.2593857882  -79.1439813033   9.8189882e-04             190      -0.1503413      -0.0415190 
       195  -78.7692907155               0              10   10.2073233799  -79.0765544076   9.8161349e-04             195      -0.1787386      -0.0891353 
       200  -79.0071538901               0              11   10.1533296732  -79.0223704954   9.8213946e-04             100       0.0709018      -0.6726054 
       200  -79.0071538901               0              11   10.1533296732  -79.0223704954   9.8213946e-04             100       0.0709018      -0.6726054 
***************  Print Results (ok = 1)
**************** Start of Results *****************

------------------- Energy -------------------
Sample variance = 0.5947417
 -7.900715389011e+01 +/-   9.900000000000e+01 (100 samples, decorr depth -1)
  DeCorr_depth       samples           Ave           Std        StdStd           Var        VarStd    Corr. Len.      Variance          Skew      Kurtosis
             0           100    -79.007154  7.750801e-02  5.508255e-03  6.007492e-03  8.538677e-04      1.000000      0.594742      0.070902     -0.672605
             1            50    -79.007154  1.055798e-01  1.066517e-02  1.114709e-02  2.252052e-03      1.855531      0.546207      0.084591     -0.687942
             2            25    -79.007154  1.404874e-01  2.027761e-02  1.973670e-02  5.697496e-03      3.285348      0.473681      0.059601     -1.077648
             3            12    -79.040695  1.712636e-01  3.651351e-02  2.933120e-02  1.250687e-02      4.882437      0.322643     -0.315004     -1.093070
             4             6    -79.040695  2.320227e-01  7.337201e-02  5.383453e-02  3.404794e-02      8.961231      0.269173     -0.233915     -1.373097
             5             3    -79.040695  3.292934e-01  1.646467e-01  1.084342e-01  1.084342e-01     18.049823      0.216868     -0.647347     -1.499192
             6             1    -79.173510

----------------- Energy^2 -------------------
  6.242725107531e+03 +/-   9.900000000000e+01 (100 samples, decorr depth -1)

--------------- Kinetic Energy ---------------
  8.379593684497e+01 +/-   5.351015824224e+00 (100 samples, decorr depth 3)

-------------- Potential Energy --------------
 -1.628030907351e+02 +/-   5.361767519261e+00 (100 samples, decorr depth 3)

-------------- Nuc-Elec Energy ---------------
 -2.536751896603e+02 +/-   5.527706169326e+00 (100 samples, decorr depth 3)

-------------- Elec-Elec Energy --------------
  5.742742741579e+01 +/-   4.506179202184e-01 (100 samples, decorr depth 3)

------------ AcceptanceProbability -----------
  9.841677663809e-01 +/-   9.900000000000e+01 (100 samples, decorr depth -1)

------------ DistanceMovedAccepted -----------
  4.694280324859e-02 +/-   3.608560085230e-04 (100 samples, decorr depth 1)

------------- DistanceMovedTrial -------------
  4.779647411399e-02 +/-   3.385629164181e-04 (100 samples, decorr depth 0)

----------------- Walker Age -----------------
  1.050000000000e+01 +/-   5.025189076296e-02 (100 samples, decorr depth 0)

--------------- Weight Change ----------------
  1.000188200042e+00 +/-   9.900000000000e+01 (100 samples, decorr depth -1)

---------------- Growth Rate -----------------
  0.000000000000e+00 +/-   1.005037815259e-01 (100 samples, decorr depth 0)

----------------- logWeights -----------------
  9.689513779639e-01 +/-   4.767360932264e-03 (100 samples, decorr depth 0)
dt_effective: 9.821394594221e-04 +/- 3.246518679029e-04

--------------- Virial Ratio (-<V>/<T>) ---------------
      0: 1.942851847773e+00 +/- 1.395943920940e-01
         Total Energy Estimator (KE/Virial): -8.379593684497e+01 +/- 5.351015824224e+00
         Total Energy Estimator (PE/Virial): -8.140154536754e+01 +/- 2.680883759631e+00

**************** End of Results *****************
***************  Finalize
Average iterations per hour:                              3.392895935641e+05
Average iterations*walkers per hour:                      3.392895935641e+06
Average microseconds per sample:                          9999.22
Average microseconds per sample per num initial walkers:  999.922

Wallclock Time:                         2122 ms   =                2.122 s    =             0.035367 mins =           0.00058944 hrs 
Total Time:                             2122 ms   =                2.122 s    =             0.035367 mins =           0.00058944 hrs     100.00 %
Initialization Time:                      10 ms   =                 0.01 s    =           0.00016667 mins =           2.7778e-06 hrs       0.49 %
Equilibration Time:                     1086 ms   =                1.086 s    =               0.0181 mins =           0.00030167 hrs      51.20 %
Propagation Time:                        999 ms   =                0.999 s    =              0.01665 mins =            0.0002775 hrs      47.12 %
Send Command Time:                         0 ms   =                    0 s    =                    0 mins =                    0 hrs       0.00 %
Gather Properties Time:                    0 ms   =                    0 s    =                    0 mins =                    0 hrs       0.01 %
Synchronization Time:                      0 ms   =                    0 s    =                    0 mins =                    0 hrs       0.00 %
Poll for Command Time:                     0 ms   =                    0 s    =                    0 mins =                    0 hrs       0.00 %
Optimization Time:                         0 ms   =                    0 s    =                    0 mins =                    0 hrs       0.00 %

Wallclock Time:                         2138 ms   =                2.138 s    =             0.035633 mins =           0.00059389 hrs 
