QMcBeaver version 20080716 was compiled in double precision.
Compiled on Aug 24 2008 20:01:57
Compiler version 3.4.6 20060404 (Red Hat 3.4.6-8)
With the libraries: MPI BLAS LAPACK
Signaling: CHANNEL1 = 23 CHANNEL2 = 40


On atom 0: replacing 2 electrons with the C--ECP ecp using 14 grid points.
On atom 1: replacing 2 electrons with the C--ECP ecp using 14 grid points.
EupEdn:
Cambridge 2 particle jastrow parameters:
  g = 0.5  C = 3  L = 0.102677 (not optimized)
x = r / 9.739295
(x - 1)^3 (0.8310776 -2.376415 x +10.81917 x^2 -70.78149 x^3 +318.809 x^4 -665.4284 x^5 +478.9923 x^6 +178.9714 x^7 -272.3404 x^8 )

EupEup:
Cambridge 2 particle jastrow parameters:
  g = 0.25  C = 3  L = 0.121414 (not optimized)
x = r / 8.236286
(x - 1)^3 (0.5531108 -0.399739 x -2.278753 x^2 +24.76937 x^3 -72.89754 x^4 +72.3379 x^5 +23.17803 x^6 -59.30421 x^7 +15.33461 x^8 )

EupNuclear(C):
Cambridge 2 particle jastrow parameters:
  g = 0  C = 3  L = 0.1407478 (not optimized)
x = r / 7.104904
(x - 1)^3 (-1.398416 -4.195247 x +2.581357 x^2 +9.217973 x^3 -33.88012 x^4 -45.86722 x^5 +146.2064 x^6 -58.09619 x^7 -48.65388 x^8 )

EupNuclear(H):
Cambridge 2 particle jastrow parameters:
  g = 0  C = 3  L = 0.2097653 (not optimized)
x = r / 4.767232
(x - 1)^3 (-0.1524882 -0.4574645 x -4.083057 x^2 +57.53152 x^3 -273.1152 x^4 +509.8465 x^5 -258.7918 x^6 -265.778 x^7 +242.6451 x^8 )

EupEdnNuclear(C):
 Total Parameters = 64
 Free Parameters = 27
Cambridge 3 particle jastrow parameters:
  Nen = 4  Nee = 4  C = 3  L = 0.1143837 (not optimized)
x1  = r1  / 8.742507
x2  = r2  / 8.742507
x12 = r12 / 8.742507
(x1 - 1)^3 (x2 - 1)^3 (
+0.01087018                              +0.03261054 (x1 + x2)                    +0.09783163 x1 x2                        +73.18379  x1 x2 x12                     
+14.41264  (x1^2 + x2^2)                 -154.2881  (x1^2 x2 + x2^2 x1)           +745.4215  x1^2 x2^2                     -36.59189  (x1^2 + x2^2) x12             
-142.9358  (x1^2 x2 + x2^2 x1) x12       +544.9916  x1^2 x2^2 x12                 -24.68343  x12^2                         +50.29189  (x1 + x2) x12^2               
+241.0524  x1 x2 x12^2                   +103.1535  (x1^2 + x2^2) x12^2           -951.2456  (x1^2 x2 + x2^2 x1) x12^2     +717.527   x1^2 x2^2 x12^2               
-42.07295  (x1^3 + x2^3)                 +404.0114  (x1^3 x2 + x2^3 x1)           -1123.472  (x1^3 x2^2 + x2^3 x1^2)       +1161.96   x1^3 x2^3                     
+142.9358  (x1^3 + x2^3) x12             -272.4958  (x1^3 x2 + x2^3 x1) x12       -372.0759  (x1^3 + x2^3) x12^2           +660.7282  (x1^3 x2 + x2^3 x1) x12^2     
+813.144   (x1^3 x2^2 + x2^3 x1^2) x12^2 +532.5655  x1^3 x2^3 x12^2               +79.87872  x12^3                         -347.6107  (x1 + x2) x12^3               
+919.1774  x1 x2 x12^3                   +458.8342  (x1^2 + x2^2) x12^3           -400.4534  (x1^2 x2 + x2^2 x1) x12^3     -294.7634  x1^2 x2^2 x12^3               
-30.29492  (x1^3 + x2^3) x12^3           -90.88476  (x1^3 x2 + x2^3 x1) x12^3     -857.568   (x1^3 x2^2 + x2^3 x1^2) x12^3 +393.8196  x1^3 x2^3 x12^3               )

***************  TheMan.run();
 iteration            Eavg            Estd    Num. Samples           Tcorr      Acceptance         <p dR2>     Sample Var.         Summary
       -90    0.0000000000   0.0000000e+00               0   -2.0000000000         0.00000         0.00000    0.0000000000         0.00000 
       -80    0.0000000000   0.0000000e+00               0   -2.0000000000         0.00000         0.00000    0.0000000000         0.00000 
       -70    0.0000000000   0.0000000e+00               0   -2.0000000000         0.00000         0.00000    0.0000000000         0.00000 
       -60    0.0000000000   0.0000000e+00               0   -2.0000000000         0.00000         0.00000    0.0000000000         0.00000 
       -50    0.0000000000   0.0000000e+00               0   -2.0000000000         0.00000         0.00000    0.0000000000         0.00000 
       -40    0.0000000000   0.0000000e+00               0   -2.0000000000         0.00000         0.00000    0.0000000000         0.00000 
       -30    0.0000000000   0.0000000e+00               0   -2.0000000000         0.00000         0.00000    0.0000000000         0.00000 
       -20    0.0000000000   0.0000000e+00               0   -2.0000000000         0.00000         0.00000    0.0000000000         0.00000 
       -10    0.0000000000   0.0000000e+00               0   -2.0000000000         0.00000         0.00000    0.0000000000         0.00000 
         0  -14.3427994498   1.5475888e-01             100    6.9539436527      0.9801(56)      0.3457(63)    0.3409692445      -14.34(15) 
       110  -14.3541041099   1.4235792e-01             110    7.0584284741      0.9816(51)      0.3458(59)    0.3129548919      -14.35(14) 
       120  -14.3759063314   1.2410740e-01             120    6.2278049007      0.9826(47)      0.3477(55)    0.2943115518      -14.38(12) 
       130  -14.3728407019   1.1609313e-01             130    6.3127342097      0.9824(45)      0.3499(53)    0.2754135282      -14.37(12) 
       140  -14.3556072601   1.0946402e-01             140    6.3357278383      0.9771(69)      0.3488(52)    0.2628821307      -14.36(11) 
       150  -14.3091057695   1.0689036e-01             150    6.1110130797         0.97749      0.3499(49)    0.2785801507      -14.31(11) 
       160  -14.2391575058   1.3613166e-01             160    8.7620445871      0.9769(78)      0.3508(48)    0.3362869008      -14.24(14) 
       170  -14.1994020304   1.3613166e-01             170    9.0462471499      0.9781(78)      0.3502(46)    0.3462075552      -14.20(14) 
       180  -14.1559256145   1.4062491e-01             180    9.8115774256         0.97897      0.3488(44)    0.3607768678      -14.16(14) 
       190  -14.1148580984   1.4062491e-01             190    9.9997705072         0.97952      0.3488(43)    0.3737629588      -14.11(14) 
       200  -13.7850233759               0             100   -1.0000000000      0.9800(82)      0.3539(57)    0.3132685403       -13.78502 
       210  -13.6954066801               0             110   -1.0000000000         0.97875      0.3510(55)    0.3727282506       -13.69541 
       220  -13.6286343179               0             120   -1.0000000000      0.9802(64)      0.3507(53)    0.3922657120       -13.62863 
       230  -13.5545671213               0             130   -1.0000000000      0.9814(60)      0.3529(51)    0.4286441435       -13.55457 
       240  -13.5023956229               0             140   -1.0000000000         0.98233      0.3516(49)    0.4357868021       -13.50240 
       250  -13.4516998181               0             150   -1.0000000000      0.9834(57)      0.3534(47)    0.4488068501       -13.45170 
       260  -13.3968762066               0             160   -1.0000000000      0.9842(58)      0.3511(45)    0.4670692690       -13.39688 
       270  -13.3086771280               0             170   -1.0000000000      0.9849(58)      0.3513(44)    0.5705520992       -13.30868 
       280  -13.1866808971               0             180   -1.0000000000      0.9829(50)      0.3496(43)    0.8193344129       -13.18668 
       290  -13.1087655597               0             190   -1.0000000000         0.98331      0.3510(43)    0.8933544375       -13.10877 
       300  -13.0499090300               0             200   -1.0000000000         0.98385      0.3520(41)    0.9171225959       -13.04991 
       310  -12.9625164787               0             210   -1.0000000000      0.9841(43)      0.3521(40)    1.0292425106       -12.96252 
       320  -12.9032228874               0             220   -1.0000000000         0.98453      0.3513(40)    1.0626214237       -12.90322 
       330  -12.8960325128               0             230   -1.0000000000      0.9845(40)      0.3513(39)    1.0201248642       -12.89603 
       340  -12.9130952736               0             240   -1.0000000000      0.9850(37)      0.3518(38)    0.9877466952       -12.91310 
       350  -12.9282063929               0             250   -1.0000000000         0.98542      0.3524(37)    0.9546843621       -12.92821 
       360  -12.9534092861               0             260   -1.0000000000      0.9855(35)      0.3516(36)    0.9359870931       -12.95341 
       370  -12.9769527177               0             270   -1.0000000000         0.98564      0.3516(35)    0.9167894675       -12.97695 
       380  -12.9718736008               0             280   -1.0000000000         0.98596      0.3516(34)    0.8900260590       -12.97187 
       390  -12.9602801030               0             290   -1.0000000000         0.98630      0.3526(33)    0.8651290566       -12.96028 
       400  -12.9656596296               0             300   -1.0000000000         0.98659      0.3532(33)    0.8390500148       -12.96566 
       410  -12.9773884841               0             310   -1.0000000000         0.98682      0.3525(32)    0.8164416703       -12.97739 
       420  -12.9795514718               0             320   -1.0000000000      0.9869(35)      0.3526(31)    0.7922815100       -12.97955 
       430  -12.9712701963               0             330   -1.0000000000      0.9870(35)      0.3536(32)    0.7712101436       -12.97127 
       440  -12.9739432622               0             340   -1.0000000000      0.9872(35)      0.3541(31)    0.7492027797       -12.97394 
       450  -12.9856822371               0             350   -1.0000000000      0.9868(35)      0.3543(32)    0.7330623498       -12.98568 
       460  -13.0030585047               0             360   -1.0000000000      0.9864(26)      0.3533(31)    0.7245168646       -13.00306 
       470  -13.0073044766               0             370   -1.0000000000      0.9863(32)      0.3525(31)    0.7065917029       -13.00730 
       480  -13.0090485352               0             380   -1.0000000000      0.9861(32)      0.3527(31)    0.6891516369       -13.00905 
       490  -13.0185255305               0             390   -1.0000000000      0.9855(31)      0.3512(31)    0.6763719749       -13.01853 
       500  -13.0374823713               0             400   -1.0000000000      0.9853(31)      0.3516(30)    0.6737607983       -13.03748 
       500  -13.0374823713               0             400   -1.0000000000      0.9853(31)      0.3516(30)    0.6737607983       -13.03748 
***************  Print Results (ok = 1)
**************** Start of Results *****************

------------------- Energy -------------------
    -13.037482371312 +/- 99.000000000000      (400 samples, Tcorr   -1.00000)
  DeCorr_depth       samples           Ave           Std        StdStd           Var        VarStd    Corr. Len.      Variance          Skew      Kurtosis
0                        400    -13.037482  4.109287e-02  1.454672e-03  1.688624e-03  1.195533e-04      0.000000      0.673761      0.609834      0.832868
1                        200    -13.037482  5.764576e-02  2.889521e-03  3.323033e-03  3.331372e-04      1.967895      0.661284      0.614039      0.825214
2                        100    -13.037482  8.100015e-02  5.756430e-03  6.561024e-03  9.325433e-04      3.885427      0.649541      0.610103      0.786667
3                         50    -13.037482  1.126897e-01  1.138338e-02  1.269896e-02  2.565577e-03      7.520303      0.622249      0.504108      0.426884
4                         25    -13.037482  1.559312e-01  2.250673e-02  2.431454e-02  7.019003e-03     14.399028      0.583549      0.379429     -0.044399
5                         12    -13.011730  2.235730e-01  4.766592e-02  4.998488e-02  2.131362e-02     29.600961      0.549834      0.372508      0.176509
6                          6    -13.011730  2.669360e-01  8.441256e-02  7.125481e-02  4.506550e-02     42.196978      0.356274     -0.246656     -0.713717
7                          3    -13.011730  3.702382e-01  1.851191e-01  1.370764e-01  1.370764e-01     81.176388      0.274153      0.000000      0.000000
8                          1    -12.939382

----------------- Energy^2 -------------------
    170.649707380532 +/- 99.000000000000      (400 samples, Tcorr   -1.00000)

--------------- Kinetic Energy ---------------
     10.524158613154 +/- 0.847450895670       (400 samples, Tcorr   21.85781)

-------------- Potential Energy --------------
    -23.561640984466 +/- 0.792169891490       (400 samples, Tcorr   21.06536)

-------------- Nuc-Elec Energy ---------------
    -64.717155039947 +/- 0.902972719535       (400 samples, Tcorr   22.78962)

-------------- Elec-Elec Energy --------------
     21.589913123001 +/- 99.000000000000      (400 samples, Tcorr   -1.00000)

------------ AcceptanceProbability -----------
      0.985252051968 +/- 0.003145922628       (400 samples, Tcorr    3.22667)

------------ DistanceMovedAccepted -----------
      0.351611414057 +/- 0.003032237685       (400 samples, Tcorr    0.00000)

------------- DistanceMovedTrial -------------
      0.359024291583 +/- 0.002881310327       (400 samples, Tcorr    0.00000)

----------------- Walker Age -----------------
      0.000000000000 +/- 1.000000000000e+300  (0 samples, Tcorr   -2.00000)
dt_effective: 0.00979 +/- 0.00115

--------------- Virial Ratio (-<V>/<T>) ---------------
      0: 2.23881 +/- 0.19536
         Total Energy Estimator (KE/Virial): -10.52416 +/- 0.84745
         Total Energy Estimator (PE/Virial): -11.78082 +/- 0.39608

**************** End of Results *****************
***************  Finalize
Average iterations per hour:                              5.7548e+05
Average iterations*walkers per hour:                      1.151e+06
Average microseconds per sample:                          5987.1
Average microseconds per sample per num initial walkers:  2993.6

Wallclock Time:                         3127 ms   =                3.127 s    =             0.052117 mins =           0.00086861 hrs 
Total Time:                             3127 ms   =                3.127 s    =             0.052117 mins =           0.00086861 hrs     100.00 %
Initialization Time:                       7 ms   =                0.007 s    =           0.00011667 mins =           1.9444e-06 hrs       0.24 %
Equilibration Time:                      669 ms   =                0.669 s    =              0.01115 mins =           0.00018583 hrs      21.39 %
Propagation Time:                       2394 ms   =                2.394 s    =               0.0399 mins =             0.000665 hrs      76.57 %
Send Command Time:                         0 ms   =                    0 s    =                    0 mins =                    0 hrs       0.00 %
Gather Properties Time:                    0 ms   =                    0 s    =                    0 mins =                    0 hrs       0.01 %
Synchronization Time:                      0 ms   =                    0 s    =                    0 mins =                    0 hrs       0.00 %
Poll for Command Time:                     0 ms   =                    0 s    =                    0 mins =                    0 hrs       0.00 %
Optimization Time:                         0 ms   =                    0 s    =                    0 mins =                    0 hrs       0.00 %

      Evaluate basis functions: 0 ( avg =     120.06 us, n=            987)      3.89 % cumulative =       3.89 %
         Matrix Multiplication: 0 ( avg =      26.63 us, n=            987)      0.86 % cumulative =       4.75 %
             Derivative Ratios: 0 ( avg =       8.53 us, n=            987)      0.28 % cumulative =       5.03 %
      Evaluate basis functions: 0 ( avg =     118.40 us, n=            987)      3.84 % cumulative =       8.86 %
         Matrix Multiplication: 0 ( avg =      25.04 us, n=            987)      0.81 % cumulative =       9.67 %
             Derivative Ratios: 0 ( avg =       6.26 us, n=            987)      0.20 % cumulative =       9.88 %
              Potential Energy: 0 ( avg =    2436.13 us, n=            987)     78.91 % cumulative =      88.79 %
                    EN Jastrow: 0 ( avg =      20.73 us, n=            987)      0.67 % cumulative =      89.46 %
                    EE Jastrow: 0 ( avg =      21.03 us, n=            987)      0.68 % cumulative =      90.14 %
                   EEN Jastrow: 0 ( avg =     234.94 us, n=            987)      7.61 % cumulative =      97.75 %
                Psi Quantities: 0 ( avg =       9.39 us, n=            987)      0.30 % cumulative =      98.05 %
            Walker Propagation: 0 ( avg =      49.91 us, n=            985)      1.62 % cumulative =      99.67 %
           Correlated Sampling: 0 ( avg =       0.00 us, n=            -15)      0.00 % cumulative =      99.67 %
         Calculate Observables: 0 ( avg =       7.99 us, n=            985)      0.26 % cumulative =      99.93 %
                   Entire Step: 0 ( avg =    3087.19 us, n=            985)    100.00 % cumulative =     100.00 %
Wallclock Time:                         3146 ms   =                3.146 s    =             0.052433 mins =           0.00087389 hrs 
