QMcBeaver version 20080229 was compiled in double precision.
Compiled on May  6 2008 14:20:21
Compiler version 3.4.6 20060404 (Red Hat 3.4.6-8)
With the libraries: MPI BLAS LAPACK
Signaling: CHANNEL1 = 23 CHANNEL2 = 40


Error: incorrect number of electrons.
    Nuclear charge = 152
  Number electrons = 172
 Electronic charge = 0
