QMcBeaver version 20080227 was compiled in double precision.
Compiled on Feb 28 2008 19:59:02
Compiler version 3.4.6 20060404 (Red Hat 3.4.6-8)
With the libraries: MPI BLAS LAPACK
Signaling: CHANNEL1 = 23 CHANNEL2 = 40


EupEdn:
Cambridge 2 particle jastrow parameters:
  g = 0.5  C = 3  L = 0.13348 (not optimized)
x = r / 7.491786
(x - 1)^3 (0.5060871 -2.227631 x +5.673781 x^2 -26.63709 x^3 +72.84282 x^4 -79.87261 x^5 -23.78313 x^6 +15.14489 x^7 +28.95537 x^8 )

EupNuclear(He):
Cambridge 2 particle jastrow parameters:
  g = 0  C = 3  L = 0.3738821 (not optimized)
x = r / 2.67464
(x - 1)^3 (-0.5827635 -1.74829 x -1.867133 x^2 -4.44048 x^3 +25.52779 x^4 -61.61965 x^5 +21.12854 x^6 +78.90025 x^7 -76.66376 x^8 )

EupEdnNuclear(He):
 Total Parameters = 64
 Free Parameters = 27
Cambridge 3 particle jastrow parameters:
  Nen = 4  Nee = 4  C = 3  L = 0.3035463 (optimized)
r1  = x1  / 3.29439
r2  = x2  / 3.29439
r12 = x12 / 3.29439
(r1 - 1)^3 (r2 - 1)^3 (
-0.4901386                               -1.470416  (r1 + r2)                     -4.411247  r1 r2                         +25.53237  r1 r2 r12                     
+0.6917554 (r1^2 + r2^2)                 -27.13508  (r1^2 r2 + r2^2 r1)           +64.14049  r1^2 r2^2                     -12.76619  (r1^2 + r2^2) r12             
+11.28907  (r1^2 r2 + r2^2 r1) r12       -14.5197   r1^2 r2^2 r12                 -1.693856  r12^2                         -1.403592  (r1 + r2) r12^2               
-15.18956  r1 r2 r12^2                   +18.35022  (r1^2 + r2^2) r12^2           +0.7396248 (r1^2 r2 + r2^2 r1) r12^2     +35.77972  r1^2 r2^2 r12^2               
+10.82186  (r1^3 + r2^3)                 +12.49811  (r1^3 r2 + r2^3 r1)           -78.89342  (r1^3 r2^2 + r2^3 r1^2)       +8.276629  r1^3 r2^3                     
-11.28907  (r1^3 + r2^3) r12             +7.259851  (r1^3 r2 + r2^3 r1) r12       +10.01685  (r1^3 + r2^3) r12^2           -46.15358  (r1^3 r2 + r2^3 r1) r12^2     
+59.7101   (r1^3 r2^2 + r2^3 r1^2) r12^2 +26.49906  r1^3 r2^3 r12^2               +5.337392  r12^3                         -2.629191  (r1 + r2) r12^3               
+5.296408  r1 r2 r12^3                   -24.56995  (r1^2 + r2^2) r12^3           +2.494284  (r1^2 r2 + r2^2 r1) r12^3     +9.231131  r1^2 r2^2 r12^3               
+17.40534  (r1^3 + r2^3) r12^3           +52.21602  (r1^3 r2 + r2^3 r1) r12^3     +14.73107  (r1^3 r2^2 + r2^3 r1^2) r12^3 +6.344069  r1^3 r2^3 r12^3               )

***************  TheMan.run();
 iteration            Eavg            Estd    Num. Walkers         Eff. dt    Num. Samples            Skew        Kurtosis
       -90    0.0000000000   0.0000000e+00              10   9.8655580e-03               0       0.0000000       0.0000000 
       -80    0.0000000000   0.0000000e+00              10   9.8413955e-03               0       0.0000000       0.0000000 
       -70    0.0000000000   0.0000000e+00              10   9.8506815e-03               0       0.0000000       0.0000000 
       -60    0.0000000000   0.0000000e+00              10   9.8619086e-03               0       0.0000000       0.0000000 
       -50    0.0000000000   0.0000000e+00              10   9.8724610e-03               0       0.0000000       0.0000000 
       -40    0.0000000000   0.0000000e+00              10   9.8801761e-03               0       0.0000000       0.0000000 
       -30    0.0000000000   0.0000000e+00              10   9.8845146e-03               0       0.0000000       0.0000000 
       -20    0.0000000000   0.0000000e+00              10   9.8882271e-03               0       0.0000000       0.0000000 
       -10    0.0000000000   0.0000000e+00              10   9.8902695e-03               0       0.0000000       0.0000000 
         0   -2.9046987002               0              10   9.8913411e-03             100       0.3291068      -0.0458765 
       110   -2.9046042266               0              10   9.9376231e-03             110       0.3160817       0.0196692 
       120   -2.9046018930               0              10   9.9197104e-03             120       0.3233503      -0.0479907 
       130   -2.9053821827               0              10   9.9317950e-03             130       0.3710901      -0.0902186 
       140   -2.9052611096               0              10   9.9313570e-03             140       0.5009296       0.1156673 
       150   -2.9051967097   1.7905831e-03              10   9.9251669e-03             150       0.4798717       0.1695633 
       160   -2.9060271236   1.7775850e-03              10   9.9286297e-03             160       0.4119559       0.1808942 
       170   -2.9065525052   1.7599921e-03              10   9.9188754e-03             170       0.3382733       0.1972509 
       180   -2.9064211559   1.6783424e-03              10   9.9216844e-03             180       0.3222164       0.2646003 
       190   -2.9064527369   1.7871455e-03              10   9.9016659e-03             190       0.3214174       0.2849507 
       200   -2.9086776009   1.8777055e-03              10   9.9007397e-03             100       0.4786340       0.5691985 
       210   -2.9086589225   1.7732536e-03              10   9.9013536e-03             110       0.4519778       0.6412298 
       220   -2.9078465738               0              10   9.9038386e-03             120       0.2955879       0.3481155 
       230   -2.9072740480               0              10   9.9068930e-03             130       0.2290527       0.1426685 
       240   -2.9075420153               0              10   9.9067663e-03             140       0.2959613       0.2873950 
       250   -2.9074036501               0              10   9.9019102e-03             150       0.2449796       0.3023983 
       260   -2.9074398701   1.8855718e-03              10   9.9053193e-03             160       0.2384596       0.3718116 
       270   -2.9074882791   1.8855718e-03              10   9.9063980e-03             170       0.2535928       0.2628888 
       280   -2.9073666439   1.7062781e-03              10   9.9089747e-03             180       0.1773703       0.1841599 
       290   -2.9073870269   1.7062781e-03              10   9.9062400e-03             190       0.2129107       0.2271571 
       300   -2.9073794643   1.5617705e-03              10   9.9059054e-03             200       0.2142569       0.3765823 
       310   -2.9071875154   1.4433925e-03              10   9.9081197e-03             210       0.1779549       0.3591191 
       320   -2.9070094347   1.4433925e-03              10   9.9072704e-03             220       0.1340800       0.4124213 
       330   -2.9069236196   1.3697965e-03              10   9.9086349e-03             230       0.1176767       0.4593128 
       340   -2.9071388915   1.2914560e-03              10   9.9070167e-03             240       0.1684092       0.5019963 
       350   -2.9070037986   1.2914560e-03              10   9.9072605e-03             250       0.1319036       0.5632794 
       360   -2.9070386365   1.2159590e-03              10   9.9087929e-03             260       0.1311573       0.6168175 
       370   -2.9070890768   1.2159590e-03              10   9.9058025e-03             270       0.1390664       0.6212691 
       380   -2.9075283559   1.1561593e-03              10   9.9021740e-03             280       0.1166657       0.5209586 
       390   -2.9073147298   1.0975041e-03              10   9.9022606e-03             290       0.1151308       0.4939972 
       400   -2.9073458262   1.0975041e-03              10   9.9040163e-03             300       0.1128343       0.5047790 
       410   -2.9071761847   1.0382373e-03              10   9.9056224e-03             310       0.0693696       0.5260019 
       420   -2.9069358705   1.0476295e-03              10   9.9075523e-03             320       0.0525683       0.3939846 
       430   -2.9067756784   1.0476295e-03              10   9.9073297e-03             330       0.0277009       0.3984767 
       440   -2.9067092389   1.0248461e-03              10   9.9078082e-03             340       0.0170275       0.4277060 
       450   -2.9067995666   1.0248461e-03              10   9.9075015e-03             350       0.0158090       0.3894740 
       460   -2.9068953680   9.8444189e-04              10   9.9069065e-03             360       0.0348040       0.4186925 
       470   -2.9066145997   9.4781965e-04              10   9.9072611e-03             370       0.0467439       0.3637952 
       480   -2.9062525232   9.1452435e-04              10   9.9053771e-03             380       0.1208237       0.4097491 
       490   -2.9061573475   1.0351476e-03              10   9.9056745e-03             390       0.1148120       0.3875174 
       500   -2.9061530172   9.9407666e-04              10   9.9068696e-03             400       0.1262462       0.4006126 
       500   -2.9061530172   9.9407666e-04              10   9.9068696e-03             400       0.1262462       0.4006126 
***************  Print Results (ok = 1)
**************** Start of Results *****************

------------------- Energy -------------------
Sample variance = 8.248895e-05
 -2.906153017175e+00 +/-   9.940766626666e-04 (400 samples, decorr depth 4)
  DeCorr_depth       samples           Ave           Std        StdStd           Var        VarStd    Corr. Len.      Variance          Skew      Kurtosis
             0           400     -2.906153  4.546859e-04  1.609571e-05  2.067392e-07  1.463698e-08      1.000000      0.000082      0.126246      0.400613
             1           200     -2.906153  5.937431e-04  2.976165e-05  3.525309e-07  3.534155e-08      1.705196      0.000070      0.117589      0.393009
             2           100     -2.906153  7.393639e-04  5.254430e-05  5.466590e-07  7.769872e-08      2.644196      0.000054      0.119113      0.736676
             3            50     -2.906153  8.740746e-04  8.829487e-05  7.640064e-07  1.543526e-07      3.695507      0.000037     -0.224695      1.095692
             4            25     -2.906153  9.940767e-04  1.434826e-04  9.881884e-07  2.852654e-07      4.779878      0.000024     -0.105783      0.808335
             5            12     -2.906202  8.783800e-04  1.872712e-04  7.715514e-07  3.289906e-07      3.732003      0.000008      0.675635      0.123101
             6             6     -2.906202  9.383509e-04  2.967326e-04  8.805024e-07  5.568786e-07      4.259000      0.000004      0.315862     -0.590723
             7             3     -2.906202  8.128032e-04  4.064016e-04  6.606491e-07  6.606491e-07      3.195567      0.000001      0.000000      0.000000
             8             1     -2.907000

----------------- Energy^2 -------------------
  8.445807848188e+00 +/-   5.777846504671e-03 (400 samples, decorr depth 4)

--------------- Kinetic Energy ---------------
 -2.906153017175e+00 +/-   9.940766626666e-04 (400 samples, decorr depth 4)

-------------- Potential Energy --------------
  0.000000000000e+00 +/-   0.000000000000e+00 (400 samples, decorr depth 0)

-------------- Nuc-Elec Energy ---------------
  0.000000000000e+00 +/-   0.000000000000e+00 (400 samples, decorr depth 0)

-------------- Elec-Elec Energy --------------
  0.000000000000e+00 +/-   0.000000000000e+00 (400 samples, decorr depth 0)

------------ AcceptanceProbability -----------
  9.935998833279e-01 +/-   4.400021225646e-04 (400 samples, decorr depth 2)

------------ DistanceMovedAccepted -----------
  5.959537100856e-02 +/-   5.319890767087e-04 (400 samples, decorr depth 0)

------------- DistanceMovedTrial -------------
  6.015560244152e-02 +/-   5.384255294473e-04 (400 samples, decorr depth 0)

----------------- Walker Age -----------------
  1.000000000000e+01 +/-   0.000000000000e+00 (400 samples, decorr depth 0)

--------------- Weight Change ----------------
  1.000000000000e+00 +/-   0.000000000000e+00 (400 samples, decorr depth 0)

---------------- Growth Rate -----------------
  0.000000000000e+00 +/-   0.000000000000e+00 (400 samples, decorr depth 0)

----------------- logWeights -----------------
  1.000000000000e+00 +/-   4.752635611965e-11 (400 samples, decorr depth 4)
dt_effective: 9.906869616425e-03 +/- 1.252339544128e-03

--------------- Virial Ratio (-<V>/<T>) ---------------
      0: 0.000000000000e+00 +/- 0.000000000000e+00
         Total Energy Estimator (KE/Virial): 2.906153017175e+00 +/- 9.940766626666e-04
         Total Energy Estimator (PE/Virial): 0.000000000000e+00 +/- 0.000000000000e+00

**************** End of Results *****************
***************  Finalize
Average iterations per hour:                              9.564598233738e+06
Average iterations*walkers per hour:                      9.564598233738e+07
Average microseconds per sample:                          358.3975
Average microseconds per sample per num initial walkers:  35.83975

Wallclock Time:                          188 ms   =                0.188 s    =            0.0031333 mins =           5.2222e-05 hrs 
Total Time:                              188 ms   =                0.188 s    =            0.0031333 mins =           5.2222e-05 hrs     100.00 %
Initialization Time:                       1 ms   =                0.001 s    =           1.6667e-05 mins =           2.7778e-07 hrs       0.56 %
Equilibration Time:                       39 ms   =                0.039 s    =              0.00065 mins =           1.0833e-05 hrs      20.98 %
Propagation Time:                        143 ms   =                0.143 s    =            0.0023833 mins =           3.9722e-05 hrs      76.18 %
Send Command Time:                         0 ms   =                    0 s    =                    0 mins =                    0 hrs       0.01 %
Gather Properties Time:                    0 ms   =                    0 s    =                    0 mins =                    0 hrs       0.21 %
Synchronization Time:                      0 ms   =                    0 s    =                    0 mins =                    0 hrs       0.00 %
Poll for Command Time:                     0 ms   =                    0 s    =                    0 mins =                    0 hrs       0.00 %
Optimization Time:                         0 ms   =                    0 s    =                    0 mins =                    0 hrs       0.00 %

Wallclock Time:                          198 ms   =                0.198 s    =               0.0033 mins =              5.5e-05 hrs 
