QMcBeaver version 20080227 was compiled in double precision.
Compiled on Feb 28 2008 19:59:02
Compiler version 3.4.6 20060404 (Red Hat 3.4.6-8)
With the libraries: MPI BLAS LAPACK
Signaling: CHANNEL1 = 23 CHANNEL2 = 40


EupEdn:
Cambridge 2 particle jastrow parameters:
  g = 0.5  C = 3  L = 0.13348 (not optimized)
x = r / 7.491786
(x - 1)^3 (0.5060871 -2.227631 x +5.673781 x^2 -26.63709 x^3 +72.84282 x^4 -79.87261 x^5 -23.78313 x^6 +15.14489 x^7 +28.95537 x^8 )

EupNuclear(He):
Cambridge 2 particle jastrow parameters:
  g = 0  C = 3  L = 0.3738821 (not optimized)
x = r / 2.67464
(x - 1)^3 (-0.5827635 -1.74829 x -1.867133 x^2 -4.44048 x^3 +25.52779 x^4 -61.61965 x^5 +21.12854 x^6 +78.90025 x^7 -76.66376 x^8 )

EupEdnNuclear(He):
 Total Parameters = 64
 Free Parameters = 27
Cambridge 3 particle jastrow parameters:
  Nen = 4  Nee = 4  C = 3  L = 0.3035463 (optimized)
r1  = x1  / 3.29439
r2  = x2  / 3.29439
r12 = x12 / 3.29439
(r1 - 1)^3 (r2 - 1)^3 (
-0.4901386                               -1.470416  (r1 + r2)                     -4.411247  r1 r2                         +25.53237  r1 r2 r12                     
+0.6917554 (r1^2 + r2^2)                 -27.13508  (r1^2 r2 + r2^2 r1)           +64.14049  r1^2 r2^2                     -12.76619  (r1^2 + r2^2) r12             
+11.28907  (r1^2 r2 + r2^2 r1) r12       -14.5197   r1^2 r2^2 r12                 -1.693856  r12^2                         -1.403592  (r1 + r2) r12^2               
-15.18956  r1 r2 r12^2                   +18.35022  (r1^2 + r2^2) r12^2           +0.7396248 (r1^2 r2 + r2^2 r1) r12^2     +35.77972  r1^2 r2^2 r12^2               
+10.82186  (r1^3 + r2^3)                 +12.49811  (r1^3 r2 + r2^3 r1)           -78.89342  (r1^3 r2^2 + r2^3 r1^2)       +8.276629  r1^3 r2^3                     
-11.28907  (r1^3 + r2^3) r12             +7.259851  (r1^3 r2 + r2^3 r1) r12       +10.01685  (r1^3 + r2^3) r12^2           -46.15358  (r1^3 r2 + r2^3 r1) r12^2     
+59.7101   (r1^3 r2^2 + r2^3 r1^2) r12^2 +26.49906  r1^3 r2^3 r12^2               +5.337392  r12^3                         -2.629191  (r1 + r2) r12^3               
+5.296408  r1 r2 r12^3                   -24.56995  (r1^2 + r2^2) r12^3           +2.494284  (r1^2 r2 + r2^2 r1) r12^3     +9.231131  r1^2 r2^2 r12^3               
+17.40534  (r1^3 + r2^3) r12^3           +52.21602  (r1^3 r2 + r2^3 r1) r12^3     +14.73107  (r1^3 r2^2 + r2^3 r1^2) r12^3 +6.344069  r1^3 r2^3 r12^3               )

***************  TheMan.run();
 iteration            Eavg            Estd    Num. Walkers         Weights    Trial Energy         Eff. dt    Num. Samples            Skew        Kurtosis
       -90    0.0000000000   0.0000000e+00              10   10.0040154649   -2.9023736623   9.8655571e-03               0       0.0000000       0.0000000 
       -80    0.0000000000   0.0000000e+00              10   10.0031685158   -2.8938709082   9.8413237e-03               0       0.0000000       0.0000000 
       -70    0.0000000000   0.0000000e+00              10   10.0057305905   -2.9198380611   9.8506493e-03               0       0.0000000       0.0000000 
       -60    0.0000000000   0.0000000e+00              10   10.0049807210   -2.9121719378   9.8619280e-03               0       0.0000000       0.0000000 
       -50    0.0000000000   0.0000000e+00              10   10.0043632974   -2.9058666088   9.8725461e-03               0       0.0000000       0.0000000 
       -40    0.0000000000   0.0000000e+00              10   10.0035559405   -2.8976637701   9.8803042e-03               0       0.0000000       0.0000000 
       -30    0.0000000000   0.0000000e+00              10   10.0053108207   -2.9153936372   9.8846564e-03               0       0.0000000       0.0000000 
       -20    0.0000000000   0.0000000e+00              10   10.0049453823   -2.9116796123   9.8883915e-03               0       0.0000000       0.0000000 
       -10    0.0000000000   0.0000000e+00              10   10.0041742167   -2.9038757547   9.8904340e-03               0       0.0000000       0.0000000 
         0   -2.9047563302               0              10   10.0042542808   -2.9046803397   9.8914885e-03             100       0.3322090      -0.0339633 
       110   -2.9046670403               0              10   10.0073719600   -2.9045312401   9.9376145e-03             110       0.3198139       0.0348979 
       120   -2.9046632511               0              10   10.0077794256   -2.9049861688   9.9200400e-03             120       0.3261569      -0.0326534 
       130   -2.9054554855               0              10   10.0152107563   -2.9092508033   9.9320582e-03             130       0.3726440      -0.0769160 
       140   -2.9053373965               0              10   10.0099645046   -2.9077509165   9.9317019e-03             140       0.5031247       0.1326952 
       150   -2.9052746446   1.7788717e-03              10   10.0066201434   -2.9069479244   9.9257517e-03             150       0.4836122       0.1953459 
       160   -2.9061265721   1.7732335e-03              10   10.0158724871   -2.9099407248   9.9291329e-03             160       0.4036889       0.2110436 
       170   -2.9066527842   1.7546561e-03              10   10.0205923290   -2.9113524897   9.9196223e-03             170       0.3286743       0.2234793 
       180   -2.9065166893   1.6725683e-03              10   10.0150425229   -2.9101656945   9.9223545e-03             180       0.3108138       0.2927308 
       190   -2.9065367330   1.7773170e-03              10   10.0111745556   -2.9095823968   9.9023611e-03             190       0.3091680       0.3117920 
       200   -2.9087369883   1.8751049e-03              10   10.0121684636   -2.9099530949   9.9013954e-03             100       0.4551443       0.5732145 
       210   -2.9087205702   1.7712200e-03              10   10.0110133276   -2.9098212969   9.9019796e-03             110       0.4280913       0.6429918 
       220   -2.9078936023               0              10   10.0014174333   -2.9080353356   9.9044275e-03             120       0.2728577       0.3440128 
       230   -2.9073184102               0              10    9.9942470963   -2.9067429543   9.9074394e-03             130       0.2083413       0.1413907 
       240   -2.9075939939               0              10    9.9984952239   -2.9074435049   9.9072732e-03             140       0.2765610       0.2817465 
       250   -2.9074579495               0              10    9.9965476459   -2.9071126544   9.9024410e-03             150       0.2254972       0.2952568 
       260   -2.9074908234   1.8924768e-03              10    9.9967768601   -2.9071684575   9.9058162e-03             160       0.2195323       0.3660515 
       270   -2.9075290844   1.8924768e-03              10    9.9980545191   -2.9073345174   9.9068573e-03             170       0.2371679       0.2608738 
       280   -2.9074103841   1.7122931e-03              10    9.9961330031   -2.9070236096   9.9094037e-03             180       0.1618182       0.1855648 
       290   -2.9074350896   1.7122931e-03              10    9.9977173662   -2.9072068001   9.9066739e-03             190       0.1977661       0.2276249 
       300   -2.9074215793   1.5670486e-03              10    9.9968428016   -2.9071058096   9.9062962e-03             200       0.1970006       0.3761560 
       310   -2.9072212100   1.4493452e-03              10    9.9938711647   -2.9066081386   9.9084885e-03             210       0.1596984       0.3569100 
       320   -2.9070418547   1.4493452e-03              10    9.9903534119   -2.9060767303   9.9076751e-03             220       0.1154533       0.4110864 
       330   -2.9069522477   1.3761629e-03              10    9.9892939415   -2.9058810683   9.9090097e-03             230       0.0980971       0.4573617 
       340   -2.9071627910   1.2961624e-03              10    9.9943271949   -2.9065953495   9.9074352e-03             240       0.1484826       0.5005611 
       350   -2.9070243208   1.2961624e-03              10    9.9918635532   -2.9062103450   9.9076726e-03             250       0.1109873       0.5608472 
       360   -2.9070591911   1.2209328e-03              10    9.9928147232   -2.9063404051   9.9091734e-03             260       0.1098105       0.6135064 
       370   -2.9071093528   1.2209328e-03              10    9.9952906975   -2.9066383116   9.9061759e-03             270       0.1180357       0.6166430 
       380   -2.9075453847   1.1609603e-03              10   10.0073875237   -2.9082838643   9.9025138e-03             280       0.0987211       0.5136954 
       390   -2.9073312591   1.1015804e-03              10   10.0009650170   -2.9074277562   9.9026269e-03             290       0.0981633       0.4878855 
       400   -2.9073622114   1.1015804e-03              10   10.0021116985   -2.9075733589   9.9043757e-03             300       0.0966626       0.4991400 
       410   -2.9071917538   1.0421117e-03              10    9.9970173081   -2.9068934401   9.9059684e-03             310       0.0532422       0.5204571 
       420   -2.9069558851   1.0499414e-03              10    9.9898643366   -2.9059418048   9.9078818e-03             320       0.0373281       0.3897077 
       430   -2.9067996729   1.0499414e-03              10    9.9858587940   -2.9053845515   9.9076150e-03             330       0.0132096       0.3970572 
       440   -2.9067336869   1.0259632e-03              10    9.9852682430   -2.9052594250   9.9080729e-03             340       0.0029163       0.4263359 
       450   -2.9068242785   1.0259632e-03              10    9.9888952564   -2.9057131871   9.9077767e-03             350       0.0027196       0.3886019 
       460   -2.9069208178   9.8563221e-04              10    9.9934397419   -2.9062645767   9.9071474e-03             360       0.0217106       0.4164646 
       470   -2.9066399136   9.4896175e-04              10    9.9848665511   -2.9051254224   9.9074840e-03             370       0.0360902       0.3650195 
       480   -2.9062763911   9.1571131e-04              10    9.9728168765   -2.9035543774   9.9055939e-03             380       0.1156590       0.4240961 
       490   -2.9061801825   1.0378624e-03              10    9.9717688427   -2.9033530743   9.9058787e-03             390       0.1097879       0.4013419 
       500   -2.9061754033   9.9680313e-04              10    9.9741190360   -2.9035839520   9.9070595e-03             400       0.1211317       0.4147883 
       500   -2.9061754033   9.9680313e-04              10    9.9741190360   -2.9035839520   9.9070595e-03             400       0.1211317       0.4147883 
***************  Print Results (ok = 1)
**************** Start of Results *****************

------------------- Energy -------------------
Sample variance = 8.241517e-05
 -2.906175403320e+00 +/-   9.968031339146e-04 (400 samples, decorr depth 4)
  DeCorr_depth       samples           Ave           Std        StdStd           Var        VarStd    Corr. Len.      Variance          Skew      Kurtosis
             0           400     -2.906175  4.544825e-04  1.608851e-05  2.065543e-07  1.462389e-08      1.000000      0.000082      0.121132      0.414788
             1           200     -2.906175  5.936846e-04  2.975872e-05  3.524614e-07  3.533458e-08      1.706386      0.000070      0.112226      0.401690
             2           100     -2.906175  7.397782e-04  5.257375e-05  5.472718e-07  7.778582e-08      2.649530      0.000054      0.108338      0.731265
             3            50     -2.906175  8.753561e-04  8.842432e-05  7.662484e-07  1.548055e-07      3.709670      0.000038     -0.226765      1.161014
             4            25     -2.906175  9.968031e-04  1.438761e-04  9.936165e-07  2.868324e-07      4.810437      0.000024     -0.112263      0.871896
             5            12     -2.906225  8.856691e-04  1.888253e-04  7.844097e-07  3.344734e-07      3.797595      0.000009      0.656051      0.121950
             6             6     -2.906225  9.504525e-04  3.005595e-04  9.033599e-07  5.713350e-07      4.373474      0.000005      0.253610     -0.637268
             7             3     -2.906225  8.128731e-04  4.064365e-04  6.607626e-07  6.607626e-07      3.198978      0.000001      0.000000      0.000000
             8             1     -2.907020

----------------- Energy^2 -------------------
  8.445937890034e+00 +/-   5.793802941599e-03 (400 samples, decorr depth 4)

--------------- Kinetic Energy ---------------
 -2.906175403320e+00 +/-   9.968031339146e-04 (400 samples, decorr depth 4)

-------------- Potential Energy --------------
  0.000000000000e+00 +/-   0.000000000000e+00 (400 samples, decorr depth 0)

-------------- Nuc-Elec Energy ---------------
  0.000000000000e+00 +/-   0.000000000000e+00 (400 samples, decorr depth 0)

-------------- Elec-Elec Energy --------------
  0.000000000000e+00 +/-   0.000000000000e+00 (400 samples, decorr depth 0)

------------ AcceptanceProbability -----------
  9.936103357905e-01 +/-   4.386574430931e-04 (400 samples, decorr depth 2)

------------ DistanceMovedAccepted -----------
  5.959332430640e-02 +/-   5.319694461717e-04 (400 samples, decorr depth 0)

------------- DistanceMovedTrial -------------
  6.015238338448e-02 +/-   5.383625012648e-04 (400 samples, decorr depth 0)

----------------- Walker Age -----------------
  1.000000000000e+01 +/-   0.000000000000e+00 (400 samples, decorr depth 0)

--------------- Weight Change ----------------
  9.999922951525e-01 +/-   9.314618869608e-06 (400 samples, decorr depth 4)

---------------- Growth Rate -----------------
  0.000000000000e+00 +/-   0.000000000000e+00 (400 samples, decorr depth 0)

----------------- logWeights -----------------
  9.998210330989e-01 +/-   9.900000000000e+01 (400 samples, decorr depth -1)
dt_effective: 9.907059530043e-03 +/- 1.252322054065e-03

--------------- Virial Ratio (-<V>/<T>) ---------------
      0: 0.000000000000e+00 +/- 0.000000000000e+00
         Total Energy Estimator (KE/Virial): 2.906175403320e+00 +/- 9.968031339146e-04
         Total Energy Estimator (PE/Virial): 0.000000000000e+00 +/- 0.000000000000e+00

**************** End of Results *****************
***************  Finalize
Average iterations per hour:                              9.350017920868e+06
Average iterations*walkers per hour:                      9.350017920868e+07
Average microseconds per sample:                          366.11
Average microseconds per sample per num initial walkers:  36.611

Wallclock Time:                          192 ms   =                0.192 s    =               0.0032 mins =           5.3333e-05 hrs 
Total Time:                              192 ms   =                0.192 s    =               0.0032 mins =           5.3333e-05 hrs     100.00 %
Initialization Time:                       1 ms   =                0.001 s    =           1.6667e-05 mins =           2.7778e-07 hrs       0.53 %
Equilibration Time:                       40 ms   =                 0.04 s    =           0.00066667 mins =           1.1111e-05 hrs      20.96 %
Propagation Time:                        146 ms   =                0.146 s    =            0.0024333 mins =           4.0556e-05 hrs      76.07 %
Send Command Time:                         0 ms   =                    0 s    =                    0 mins =                    0 hrs       0.01 %
Gather Properties Time:                    0 ms   =                    0 s    =                    0 mins =                    0 hrs       0.22 %
Synchronization Time:                      0 ms   =                    0 s    =                    0 mins =                    0 hrs       0.00 %
Poll for Command Time:                     0 ms   =                    0 s    =                    0 mins =                    0 hrs       0.00 %
Optimization Time:                         0 ms   =                    0 s    =                    0 mins =                    0 hrs       0.00 %

Wallclock Time:                          202 ms   =                0.202 s    =            0.0033667 mins =           5.6111e-05 hrs 
